#
# A fatal error has been detected by the Java Runtime Environment:
#
#  EXCEPTION_ACCESS_VIOLATION (0xc0000005) at pc=0x00007ffb0bd756f8, pid=8888, tid=6200
#
# JRE version: Java(TM) SE Runtime Environment (21.0.5+9) (build 21.0.5+9-LTS-239)
# Java VM: Java HotSpot(TM) 64-Bit Server VM (21.0.5+9-LTS-239, mixed mode, emulated-client, sharing, tiered, compressed oops, compressed class ptrs, g1 gc, windows-amd64)
# Problematic frame:
# V  [jvm.dll+0x3556f8]
#
# No core dump will be written. Minidumps are not enabled by default on client versions of Windows
#
# If you would like to submit a bug report, please visit:
#   https://bugreport.java.com/bugreport/crash.jsp
#

---------------  S U M M A R Y ------------

Command Line: -XX:+ShowCodeDetailsInExceptionMessages -agentlib:jdwp=transport=dt_socket,suspend=y,address=localhost:49917 -Dcom.sun.management.jmxremote -Dcom.sun.management.jmxremote.port=49915 -Dcom.sun.management.jmxremote.authenticate=false -Dcom.sun.management.jmxremote.ssl=false -Djava.rmi.server.hostname=localhost -Dspring.jmx.enabled=true -Dmanagement.endpoints.jmx.exposure.include=* -Dspring.application.admin.enabled=true -Dspring.output.ansi.enabled=always -XX:TieredStopAtLevel=1 -Dspring.boot.project.name=pharmacie -javaagent:C:\Users\HP\eclipse\java-2024-092\eclipse\configuration\org.eclipse.osgi\1087\0\.cp\lib\javaagent-shaded.jar -Dfile.encoding=UTF-8 -Dstdout.encoding=UTF-8 -Dstderr.encoding=UTF-8 com.pharmacie.pharmacie.PharmacieApplication

Host: AMD A12-9720P RADEON R7, 12 COMPUTE CORES 4C+8G, 4 cores, 15G,  Windows 10 , 64 bit Build 19041 (10.0.19041.5438)
Time: Wed Apr  2 13:27:22 2025 São Tomé (heure standard) elapsed time: 2653.225134 seconds (0d 0h 44m 13s)

---------------  T H R E A D  ---------------

Current thread (0x000001b95d2686c0):  WorkerThread "GC Thread#3"    [id=6200, stack(0x0000005e80c00000,0x0000005e80d00000) (1024K)]

Stack: [0x0000005e80c00000,0x0000005e80d00000],  sp=0x0000005e80cfdc90,  free space=1015k
Native frames: (J=compiled Java code, j=interpreted, Vv=VM code, C=native code)
V  [jvm.dll+0x3556f8]
V  [jvm.dll+0x363ce8]
V  [jvm.dll+0x31262b]
V  [jvm.dll+0x31207d]
V  [jvm.dll+0x3eccd5]
V  [jvm.dll+0x7ff1e6]
V  [jvm.dll+0x808a71]
V  [jvm.dll+0x3642ea]
V  [jvm.dll+0x36417a]
V  [jvm.dll+0x36c704]
V  [jvm.dll+0x36c87b]
V  [jvm.dll+0x8827e7]
V  [jvm.dll+0x7fee9b]
V  [jvm.dll+0x6c896d]
C  [ucrtbase.dll+0x21bb2]
C  [KERNEL32.DLL+0x17374]
C  [ntdll.dll+0x4cc91]

JavaThread 0x000001b9654bb710 (nid = 15332) was being processed
Java frames: (J=compiled Java code, j=interpreted, Vv=VM code)
j  java.lang.invoke.DirectMethodHandle$Holder.newInvokeSpecial(Ljava/lang/Object;Ljava/lang/Object;Ljava/lang/Object;Ljava/lang/Object;)Ljava/lang/Object;+22 java.base@21.0.5
j  java.lang.invoke.LambdaForm$MH+0x000001b901d3b800.invoke(Ljava/lang/Object;Ljava/lang/Object;Ljava/lang/Object;Ljava/lang/Object;)Ljava/lang/Object;+73 java.base@21.0.5
j  java.lang.invoke.LambdaForm$MH+0x000001b901004400.invokeExact_MT(Ljava/lang/Object;Ljava/lang/Object;Ljava/lang/Object;Ljava/lang/Object;Ljava/lang/Object;)Ljava/lang/Object;+22 java.base@21.0.5
J 931 c1 jdk.internal.reflect.DirectConstructorHandleAccessor.newInstance([Ljava/lang/Object;)Ljava/lang/Object; java.base@21.0.5 (130 bytes) @ 0x000001b94e2ef1b4 [0x000001b94e2eee60+0x0000000000000354]
J 930 c1 java.lang.reflect.Constructor.newInstanceWithCaller([Ljava/lang/Object;ZLjava/lang/Class;)Ljava/lang/Object; java.base@21.0.5 (51 bytes) @ 0x000001b94e2ed69c [0x000001b94e2ed5c0+0x00000000000000dc]
J 3673 c1 org.springframework.beans.BeanUtils.instantiateClass(Ljava/lang/reflect/Constructor;[Ljava/lang/Object;)Ljava/lang/Object; (208 bytes) @ 0x000001b94e858f8c [0x000001b94e858a80+0x000000000000050c]
j  org.springframework.beans.factory.support.SimpleInstantiationStrategy.instantiate(Lorg/springframework/beans/factory/support/RootBeanDefinition;Ljava/lang/String;Lorg/springframework/beans/factory/BeanFactory;Ljava/lang/reflect/Constructor;[Ljava/lang/Object;)Ljava/lang/Object;+11
j  org.springframework.beans.factory.support.ConstructorResolver.instantiate(Ljava/lang/String;Lorg/springframework/beans/factory/support/RootBeanDefinition;Ljava/lang/reflect/Constructor;[Ljava/lang/Object;)Ljava/lang/Object;+20
j  org.springframework.beans.factory.support.ConstructorResolver.autowireConstructor(Ljava/lang/String;Lorg/springframework/beans/factory/support/RootBeanDefinition;[Ljava/lang/reflect/Constructor;[Ljava/lang/Object;)Lorg/springframework/beans/BeanWrapper;+900
J 8872 c1 org.springframework.beans.factory.support.AbstractAutowireCapableBeanFactory.createBeanInstance(Ljava/lang/String;Lorg/springframework/beans/factory/support/RootBeanDefinition;[Ljava/lang/Object;)Lorg/springframework/beans/BeanWrapper; (245 bytes) @ 0x000001b94ece008c [0x000001b94ecdf940+0x000000000000074c]
J 8898 c1 org.springframework.beans.factory.support.AbstractAutowireCapableBeanFactory.doCreateBean(Ljava/lang/String;Lorg/springframework/beans/factory/support/RootBeanDefinition;[Ljava/lang/Object;)Ljava/lang/Object; (465 bytes) @ 0x000001b94e839f2c [0x000001b94e839d80+0x00000000000001ac]
J 8897 c1 org.springframework.beans.factory.support.AbstractAutowireCapableBeanFactory.createBean(Ljava/lang/String;Lorg/springframework/beans/factory/support/RootBeanDefinition;[Ljava/lang/Object;)Ljava/lang/Object; (214 bytes) @ 0x000001b94ec5a93c [0x000001b94ec5a440+0x00000000000004fc]
J 8904 c1 org.springframework.beans.factory.support.AbstractBeanFactory$$Lambda+0x000001b90125f098.getObject()Ljava/lang/Object; (20 bytes) @ 0x000001b94e9d383c [0x000001b94e9d37a0+0x000000000000009c]
J 8902 c1 org.springframework.beans.factory.support.DefaultSingletonBeanRegistry.getSingleton(Ljava/lang/String;Lorg/springframework/beans/factory/ObjectFactory;)Ljava/lang/Object; (529 bytes) @ 0x000001b94e57cd6c [0x000001b94e57c640+0x000000000000072c]
J 3809 c1 org.springframework.beans.factory.support.AbstractBeanFactory.doGetBean(Ljava/lang/String;Ljava/lang/Class;[Ljava/lang/Object;Z)Ljava/lang/Object; (787 bytes) @ 0x000001b94e8989b4 [0x000001b94e8982c0+0x00000000000006f4]
J 9320 c1 org.springframework.beans.factory.support.DefaultListableBeanFactory.instantiateSingleton(Ljava/lang/String;)V (56 bytes) @ 0x000001b94eaded74 [0x000001b94eade920+0x0000000000000454]
J 9319 c1 org.springframework.beans.factory.support.DefaultListableBeanFactory.preInstantiateSingleton(Ljava/lang/String;Lorg/springframework/beans/factory/support/RootBeanDefinition;)Ljava/util/concurrent/CompletableFuture; (146 bytes) @ 0x000001b94ec3aa1c [0x000001b94ec3a760+0x00000000000002bc]
j  org.springframework.beans.factory.support.DefaultListableBeanFactory.preInstantiateSingletons()V+118
j  org.springframework.context.support.AbstractApplicationContext.finishBeanFactoryInitialization(Lorg/springframework/beans/factory/config/ConfigurableListableBeanFactory;)V+284
j  org.springframework.context.support.AbstractApplicationContext.refresh()V+94
j  org.springframework.boot.web.servlet.context.ServletWebServerApplicationContext.refresh()V+1
j  org.springframework.boot.SpringApplication.refresh(Lorg/springframework/context/ConfigurableApplicationContext;)V+1
j  org.springframework.boot.SpringApplication.refreshContext(Lorg/springframework/context/ConfigurableApplicationContext;)V+19
j  org.springframework.boot.SpringApplication.run([Ljava/lang/String;)Lorg/springframework/context/ConfigurableApplicationContext;+113
j  org.springframework.boot.SpringApplication.run([Ljava/lang/Class;[Ljava/lang/String;)Lorg/springframework/context/ConfigurableApplicationContext;+9
j  org.springframework.boot.SpringApplication.run(Ljava/lang/Class;[Ljava/lang/String;)Lorg/springframework/context/ConfigurableApplicationContext;+9
j  com.pharmacie.pharmacie.PharmacieApplication.main([Ljava/lang/String;)V+3
j  java.lang.invoke.LambdaForm$DMH+0x000001b901004c00.invokeStatic(Ljava/lang/Object;Ljava/lang/Object;)V+10 java.base@21.0.5
j  java.lang.invoke.LambdaForm$MH+0x000001b901d40c00.invoke(Ljava/lang/Object;Ljava/lang/Object;Ljava/lang/Object;)Ljava/lang/Object;+33 java.base@21.0.5
J 4659 c1 jdk.internal.reflect.DirectMethodHandleAccessor.invoke(Ljava/lang/Object;[Ljava/lang/Object;)Ljava/lang/Object; java.base@21.0.5 (92 bytes) @ 0x000001b94ea00804 [0x000001b94ea004a0+0x0000000000000364]
J 4741 c1 java.lang.reflect.Method.invoke(Ljava/lang/Object;[Ljava/lang/Object;)Ljava/lang/Object; java.base@21.0.5 (108 bytes) @ 0x000001b94e2d1df4 [0x000001b94e2d1c00+0x00000000000001f4]
j  org.springframework.boot.devtools.restart.RestartLauncher.run()V+47
v  ~StubRoutines::call_stub 0x000001b94dfd100d

siginfo: EXCEPTION_ACCESS_VIOLATION (0xc0000005), reading address 0xffffffffffffffff


Registers:
RAX=0x6172747362410072, RBX=0x0000000000000001, RCX=0x000000000002bbc5, RDX=0x000000000002bbc5
RSP=0x0000005e80cfdc90, RBP=0x0000000000000007, RSI=0x0000005e80cfe030, RDI=0x0000005e815fdb38
R8 =0x000001b945b61b00, R9 =0x00000000e4000000, R10=0x0000005e815fdb38, R11=0x0000005e80cfded8
R12=0x0000000000000038, R13=0x000001b90072e3ee, R14=0x0000005e815fdb38, R15=0x000001b9601a4830
RIP=0x00007ffb0bd756f8, EFLAGS=0x0000000000010217


Register to memory mapping:

RAX=0x6172747362410072 is an unknown value
RBX=0x0000000000000001 is an unknown value
RCX=0x000000000002bbc5 is an unknown value
RDX=0x000000000002bbc5 is an unknown value
RSP=0x0000005e80cfdc90 points into unknown readable memory: 0x0000000000000000 | 00 00 00 00 00 00 00 00
RBP=0x0000000000000007 is an unknown value
RSI=0x0000005e80cfe030 points into unknown readable memory: 0x0000005e815fdb18 | 18 db 5f 81 5e 00 00 00
RDI=0x0000005e815fdb38 is pointing into the stack for thread: 0x000001b9654bb710
R8 =0x000001b945b61b00 points into unknown readable memory: 0x00007ffb0c3f01b0 | b0 01 3f 0c fb 7f 00 00
R9 =0x00000000e4000000 is an unknown value
R10=0x0000005e815fdb38 is pointing into the stack for thread: 0x000001b9654bb710
R11=0x0000005e80cfded8 points into unknown readable memory: 0x00007ffb0bd3207d | 7d 20 d3 0b fb 7f 00 00
R12=0x0000000000000038 is an unknown value
R13=0x000001b90072e3ee is pointing into metadata
R14=0x0000005e815fdb38 is pointing into the stack for thread: 0x000001b9654bb710
R15=0x000001b9601a4830 points into unknown readable memory: 0x00007ffb0c3f7578 | 78 75 3f 0c fb 7f 00 00

Top of Stack: (sp=0x0000005e80cfdc90)
0x0000005e80cfdc90:   0000000000000000 0000000000000000
0x0000005e80cfdca0:   000000000000012f 00007ffb0c0d8def
0x0000005e80cfdcb0:   000000000000012f 0000000000000013
0x0000005e80cfdcc0:   0000005e815fdb38 6172747362410072
0x0000005e80cfdcd0:   0000005e815fdb38 0000000000000008
0x0000005e80cfdce0:   0000005e820ff750 0000000000000000
0x0000005e80cfdcf0:   000001b95d261800 000001b957fe9ef0
0x0000005e80cfdd00:   000001b900544748 000001b96528a788
0x0000005e80cfdd10:   0000005e80cfe030 0000005e80cfde60
0x0000005e80cfdd20:   0000005e815fdb38 00007ffb0bd83ce8
0x0000005e80cfdd30:   0000005e80cf0000 0000005e80cf0100
0x0000005e80cfdd40:   000001b900480090 0000000000000000
0x0000005e80cfdd50:   000001b96528a788 00007ffb0bd3262b
0x0000005e80cfdd60:   0000000000000004 000001b9000b6268
0x0000005e80cfdd70:   000001b96528a788 0000005e80cfe030
0x0000005e80cfdd80:   000000164e877f01 000001b9000b6268
0x0000005e80cfdd90:   000001b95d2686c0 000001b900000006
0x0000005e80cfdda0:   00000000000003d8 000001b957fe9f00
0x0000005e80cfddb0:   000001b957fea2d8 000001b90072e3ee
0x0000005e80cfddc0:   000001b9000000b8 000001b9000b6268
0x0000005e80cfddd0:   00007ffb0c3eea20 0000005e80cfe030
0x0000005e80cfdde0:   000001b96528a788 0000000400000003
0x0000005e80cfddf0:   000001b900544748 0000001300000001
0x0000005e80cfde00:   0000000000000068 000000010000000c
0x0000005e80cfde10:   000001b900480090 0000000000000000
0x0000005e80cfde20:   000001b94e877f10 00007d4bf593a2c3
0x0000005e80cfde30:   000001b95d2578b0 0000005e80cfdec0
0x0000005e80cfde40:   00000000000003d8 000001b957fea2d8
0x0000005e80cfde50:   000001b900017348 000000064e870013
0x0000005e80cfde60:   000001b900000000 0000000000000015
0x0000005e80cfde70:   0000005e820ff9a8 00007ffb0bd83d42
0x0000005e80cfde80:   0000000000000000 000001b900000003 

Instructions: (pc=0x00007ffb0bd756f8)
0x00007ffb0bd755f8:   55 41 56 41 57 48 83 ec 58 80 3d 92 6f 86 00 00
0x00007ffb0bd75608:   49 8b f9 4d 8b f0 0f b7 da 4c 8b f9 74 16 45 8b
0x00007ffb0bd75618:   68 08 8b 0d 58 59 86 00 49 d3 e5 4c 03 2d 46 59
0x00007ffb0bd75628:   86 00 eb 04 4d 8b 68 08 49 8b d5 49 8b ce e8 f5
0x00007ffb0bd75638:   7e de ff 4c 8b e0 48 89 7c 24 30 33 c0 8b e8 0f
0x00007ffb0bd75648:   b7 c3 66 c1 e8 08 66 89 84 24 a0 00 00 00 84 c0
0x00007ffb0bd75658:   75 52 48 8b cf 83 e1 03 83 3d 61 76 86 00 02 75
0x00007ffb0bd75668:   09 48 83 f9 02 0f 94 c1 eb 05 f6 d1 80 e1 01 84
0x00007ffb0bd75678:   c9 75 05 48 8b ef eb 12 48 8d 54 24 40 48 8d 4c
0x00007ffb0bd75688:   24 30 e8 a1 df 2f 00 48 8b 28 48 c1 ed 03 83 e5
0x00007ffb0bd75698:   0f 41 3b af 80 01 00 00 73 0a 66 89 9c 24 a8 00
0x00007ffb0bd756a8:   00 00 eb 12 66 c7 84 24 a8 00 00 00 00 01 0f b7
0x00007ffb0bd756b8:   9c 24 a8 00 00 00 4d 8b 47 08 49 8b d6 66 c1 eb
0x00007ffb0bd756c8:   08 41 8b 88 18 02 00 00 49 8b 80 10 02 00 00 48
0x00007ffb0bd756d8:   d3 e0 8b 0d 60 e8 8c 00 48 2b d0 49 8b 80 f8 01
0x00007ffb0bd756e8:   00 00 48 d3 ea 8b ca 48 8b 04 c8 48 89 44 24 38
0x00007ffb0bd756f8:   44 8b 80 8c 00 00 00 48 0f be c3 48 6b c8 38 49
0x00007ffb0bd75708:   8b 47 70 44 89 84 24 b0 00 00 00 48 8b 54 01 10
0x00007ffb0bd75718:   84 db 75 04 4a 8d 14 c2 48 8b 0a 4a 8d 1c e5 00
0x00007ffb0bd75728:   00 00 00 48 89 9c 24 b8 00 00 00 48 8b 71 30 48
0x00007ffb0bd75738:   8b 41 38 48 2b c6 48 c1 e8 03 49 3b c4 72 0d 48
0x00007ffb0bd75748:   8d 04 1e 48 89 41 30 48 85 f6 75 3d 44 89 44 24
0x00007ffb0bd75758:   28 48 8d 94 24 a8 00 00 00 4d 8b c6 89 6c 24 20
0x00007ffb0bd75768:   4d 8b cc 49 8b cf e8 2d fc ff ff 48 8b f0 48 85
0x00007ffb0bd75778:   c0 75 16 4d 8b cc 4c 8b c7 49 8b d6 49 8b cf e8
0x00007ffb0bd75788:   84 07 00 00 e9 82 03 00 00 48 8d 0d 68 a8 ca ff
0x00007ffb0bd75798:   49 83 fc 08 77 4d 42 8b 84 a1 24 5b 35 00 48 03
0x00007ffb0bd757a8:   c1 ff e0 49 8b 46 38 48 89 46 38 49 8b 46 30 48
0x00007ffb0bd757b8:   89 46 30 49 8b 46 28 48 89 46 28 49 8b 46 20 48
0x00007ffb0bd757c8:   89 46 20 49 8b 46 18 48 89 46 18 49 8b 46 10 48
0x00007ffb0bd757d8:   89 46 10 49 8b 46 08 48 89 46 08 49 8b 06 48 89
0x00007ffb0bd757e8:   06 eb 0e 4c 8b c3 49 8b d6 48 8b ce e8 07 ed 59 


Stack slot to memory mapping:

stack at sp + 0 slots: 0x0 is null
stack at sp + 1 slots: 0x0 is null
stack at sp + 2 slots: 0x000000000000012f is an unknown value
stack at sp + 3 slots: 0x00007ffb0c0d8def jvm.dll
stack at sp + 4 slots: 0x000000000000012f is an unknown value
stack at sp + 5 slots: 0x0000000000000013 is an unknown value
stack at sp + 6 slots: 0x0000005e815fdb38 is pointing into the stack for thread: 0x000001b9654bb710
stack at sp + 7 slots: 0x6172747362410072 is an unknown value


---------------  P R O C E S S  ---------------

Threads class SMR info:
_java_thread_list=0x000001b9651dabb0, length=29, elements={
0x000001b957fe1ea0, 0x000001b957fe27c0, 0x000001b957fe3360, 0x000001b957fe49d0,
0x000001b957fe5030, 0x000001b957fe5690, 0x000001b957fe5cf0, 0x000001b957fb7f60,
0x000001b958289ca0, 0x000001b958290700, 0x000001b958290d80, 0x000001b95d252ef0,
0x000001b95d428b10, 0x000001b95d446d00, 0x000001b95d4d89e0, 0x000001b95d4dd460,
0x000001b95d4949c0, 0x000001b95d9199b0, 0x000001b95f6b79a0, 0x000001b9654bb080,
0x000001b9654bff40, 0x000001b9654bd150, 0x000001b9654bf220, 0x000001b9654be500,
0x000001b9654bb710, 0x000001b9654c05d0, 0x000001b9654bc430, 0x000001b9654c12f0,
0x000001b9654bd7e0
}

Java Threads: ( => current thread )
  0x000001b957fe1ea0 JavaThread "Reference Handler"          daemon [_thread_blocked, id=2008, stack(0x0000005effd00000,0x0000005effe00000) (1024K)]
  0x000001b957fe27c0 JavaThread "Finalizer"                  daemon [_thread_blocked, id=9724, stack(0x0000005effe00000,0x0000005efff00000) (1024K)]
  0x000001b957fe3360 JavaThread "Signal Dispatcher"          daemon [_thread_blocked, id=10180, stack(0x0000005efff00000,0x0000005f00000000) (1024K)]
  0x000001b957fe49d0 JavaThread "Attach Listener"            daemon [_thread_blocked, id=10192, stack(0x0000005e80000000,0x0000005e80100000) (1024K)]
  0x000001b957fe5030 JavaThread "Service Thread"             daemon [_thread_blocked, id=4192, stack(0x0000005e80100000,0x0000005e80200000) (1024K)]
  0x000001b957fe5690 JavaThread "Monitor Deflation Thread"   daemon [_thread_blocked, id=1556, stack(0x0000005e80200000,0x0000005e80300000) (1024K)]
  0x000001b957fe5cf0 JavaThread "C1 CompilerThread0"         daemon [_thread_blocked, id=10928, stack(0x0000005e80300000,0x0000005e80400000) (1024K)]
  0x000001b957fb7f60 JavaThread "Common-Cleaner"             daemon [_thread_blocked, id=7780, stack(0x0000005e80400000,0x0000005e80500000) (1024K)]
  0x000001b958289ca0 JavaThread "JDWP Transport Listener: dt_socket" daemon [_thread_blocked, id=2528, stack(0x0000005e80600000,0x0000005e80700000) (1024K)]
  0x000001b958290700 JavaThread "JDWP Event Helper Thread"   daemon [_thread_blocked, id=1376, stack(0x0000005e80700000,0x0000005e80800000) (1024K)]
  0x000001b958290d80 JavaThread "JDWP Command Reader"        daemon [_thread_in_native, id=9896, stack(0x0000005e80800000,0x0000005e80900000) (1024K)]
  0x000001b95d252ef0 JavaThread "Notification Thread"        daemon [_thread_blocked, id=1452, stack(0x0000005e80900000,0x0000005e80a00000) (1024K)]
  0x000001b95d428b10 JavaThread "RMI TCP Accept-0"           daemon [_thread_in_native, id=12072, stack(0x0000005e80d00000,0x0000005e80e00000) (1024K)]
  0x000001b95d446d00 JavaThread "RMI TCP Accept-49915"       daemon [_thread_in_native, id=6928, stack(0x0000005e80e00000,0x0000005e80f00000) (1024K)]
  0x000001b95d4d89e0 JavaThread "RMI Scheduler(0)"           daemon [_thread_blocked, id=12024, stack(0x0000005e81000000,0x0000005e81100000) (1024K)]
  0x000001b95d4dd460 JavaThread "RMI TCP Accept-0"           daemon [_thread_in_native, id=3632, stack(0x0000005e81100000,0x0000005e81200000) (1024K)]
  0x000001b95d4949c0 JavaThread "JMX server connection timeout 33" daemon [_thread_blocked, id=3840, stack(0x0000005e81300000,0x0000005e81400000) (1024K)]
  0x000001b95d9199b0 JavaThread "mysql-cj-abandoned-connection-cleanup" daemon [_thread_blocked, id=13992, stack(0x0000005e81c00000,0x0000005e81d00000) (1024K)]
  0x000001b95f6b79a0 JavaThread "Live Reload Server"         daemon [_thread_in_native, id=13148, stack(0x0000005e82000000,0x0000005e82100000) (1024K)]
  0x000001b9654bb080 JavaThread "DestroyJavaVM"                     [_thread_blocked, id=3116, stack(0x0000005eff500000,0x0000005eff600000) (1024K)]
  0x000001b9654bff40 JavaThread "RMI TCP Connection(4)-127.0.0.1" daemon [_thread_blocked, id=13576, stack(0x0000005e81400000,0x0000005e81500000) (1024K)]
  0x000001b9654bd150 JavaThread "JMX server connection timeout 67" daemon [_thread_blocked, id=9696, stack(0x0000005e82f00000,0x0000005e83000000) (1024K)]
  0x000001b9654bf220 JavaThread "RMI TCP Connection(49)-127.0.0.1" daemon [_thread_in_native, id=9992, stack(0x0000005e83100000,0x0000005e83200000) (1024K)]
  0x000001b9654be500 JavaThread "Thread-5"                          [_thread_blocked, id=12768, stack(0x0000005e80500000,0x0000005e80600000) (1024K)]
  0x000001b9654bb710 JavaThread "restartedMain"                     [_thread_blocked, id=15332, stack(0x0000005e81500000,0x0000005e81600000) (1024K)]
  0x000001b9654c05d0 JavaThread "Catalina-utility-1"                [_thread_blocked, id=6580, stack(0x0000005e81700000,0x0000005e81800000) (1024K)]
  0x000001b9654bc430 JavaThread "Catalina-utility-2"                [_thread_blocked, id=13316, stack(0x0000005e81800000,0x0000005e81900000) (1024K)]
  0x000001b9654c12f0 JavaThread "container-0"                       [_thread_blocked, id=5876, stack(0x0000005e81900000,0x0000005e81a00000) (1024K)]
  0x000001b9654bd7e0 JavaThread "HikariPool-2 housekeeper"   daemon [_thread_blocked, id=10988, stack(0x0000005e81a00000,0x0000005e81b00000) (1024K)]
Total: 29

Other Threads:
  0x000001b957fc7930 VMThread "VM Thread"                           [id=6724, stack(0x0000005effc00000,0x0000005effd00000) (1024K)]
  0x000001b957fb5950 WatcherThread "VM Periodic Task Thread"        [id=4696, stack(0x0000005effb00000,0x0000005effc00000) (1024K)]
  0x000001b945bb3e70 WorkerThread "GC Thread#0"                     [id=7280, stack(0x0000005eff600000,0x0000005eff700000) (1024K)]
  0x000001b95d267f80 WorkerThread "GC Thread#1"                     [id=9936, stack(0x0000005e80a00000,0x0000005e80b00000) (1024K)]
  0x000001b95d268320 WorkerThread "GC Thread#2"                     [id=5040, stack(0x0000005e80b00000,0x0000005e80c00000) (1024K)]
=>0x000001b95d2686c0 WorkerThread "GC Thread#3"                     [id=6200, stack(0x0000005e80c00000,0x0000005e80d00000) (1024K)]
  0x000001b945bc54c0 ConcurrentGCThread "G1 Main Marker"            [id=4868, stack(0x0000005eff700000,0x0000005eff800000) (1024K)]
  0x000001b945bc9440 WorkerThread "G1 Conc#0"                       [id=6300, stack(0x0000005eff800000,0x0000005eff900000) (1024K)]
  0x000001b957e84530 ConcurrentGCThread "G1 Refine#0"               [id=11664, stack(0x0000005eff900000,0x0000005effa00000) (1024K)]
  0x000001b957e84fb0 ConcurrentGCThread "G1 Service"                [id=4276, stack(0x0000005effa00000,0x0000005effb00000) (1024K)]
Total: 10

Threads with active compile tasks:
Total: 0

VM state: at safepoint (normal execution)

VM Mutex/Monitor currently owned by a thread:  ([mutex/lock_event])
[0x00007ffb0c65be98] Threads_lock - owner thread: 0x000001b957fc7930
[0x00007ffb0c65bf98] Heap_lock - owner thread: 0x000001b9654bff40

Heap address: 0x0000000708a00000, size: 3958 MB, Compressed Oops mode: Zero based, Oop shift amount: 3

CDS archive(s) mapped at: [0x000001b900000000-0x000001b900c90000-0x000001b900c90000), size 13172736, SharedBaseAddress: 0x000001b900000000, ArchiveRelocationMode: 1.
Compressed class space mapped at: 0x000001b901000000-0x000001b941000000, reserved size: 1073741824
Narrow klass base: 0x000001b900000000, Narrow klass shift: 0, Narrow klass range: 0x100000000

GC Precious Log:
 CardTable entry size: 512
 Card Set container configuration: InlinePtr #cards 4 size 8 Array Of Cards #cards 16 size 48 Howl #buckets 8 coarsen threshold 3686 Howl Bitmap #cards 512 size 80 coarsen threshold 460 Card regions per heap region 1 cards per card region 4096
 CPUs: 4 total, 4 available
 Memory: 15830M
 Large Page Support: Disabled
 NUMA Support: Disabled
 Compressed Oops: Enabled (Zero based)
 Heap Region Size: 2M
 Heap Min Capacity: 8M
 Heap Initial Capacity: 248M
 Heap Max Capacity: 3958M
 Pre-touch: Disabled
 Parallel Workers: 4
 Concurrent Workers: 1
 Concurrent Refinement Workers: 4
 Periodic GC: Disabled

Heap:
 garbage-first heap   total 143360K, used 123072K [0x0000000708a00000, 0x0000000800000000)
  region size 2048K, 40 young (81920K), 3 survivors (6144K)
 Metaspace       used 92919K, committed 93888K, reserved 1179648K
  class space    used 13138K, committed 13632K, reserved 1048576K

Heap Regions: E=young(eden), S=young(survivor), O=old, HS=humongous(starts), HC=humongous(continues), CS=collection set, F=free, TAMS=top-at-mark-start, PB=parsable bottom
|   0|0x0000000708a00000, 0x0000000708bffff8, 0x0000000708c00000| 99%| O|  |TAMS 0x0000000708a00000| PB 0x0000000708a00000| Untracked 
|   1|0x0000000708c00000, 0x0000000708e00000, 0x0000000708e00000|100%| O|  |TAMS 0x0000000708c00000| PB 0x0000000708c00000| Untracked 
|   2|0x0000000708e00000, 0x0000000708fffff8, 0x0000000709000000| 99%| O|  |TAMS 0x0000000708e00000| PB 0x0000000708e00000| Untracked 
|   3|0x0000000709000000, 0x00000007091fffc8, 0x0000000709200000| 99%| O|  |TAMS 0x0000000709000000| PB 0x0000000709000000| Untracked 
|   4|0x0000000709200000, 0x00000007093ffff8, 0x0000000709400000| 99%| O|  |TAMS 0x0000000709200000| PB 0x0000000709200000| Untracked 
|   5|0x0000000709400000, 0x00000007095fffe8, 0x0000000709600000| 99%| O|  |TAMS 0x0000000709400000| PB 0x0000000709400000| Untracked 
|   6|0x0000000709600000, 0x00000007097fffe0, 0x0000000709800000| 99%| O|  |TAMS 0x0000000709600000| PB 0x0000000709600000| Untracked 
|   7|0x0000000709800000, 0x00000007099fff20, 0x0000000709a00000| 99%| O|  |TAMS 0x0000000709800000| PB 0x0000000709800000| Untracked 
|   8|0x0000000709a00000, 0x0000000709bffff0, 0x0000000709c00000| 99%| O|  |TAMS 0x0000000709a00000| PB 0x0000000709a00000| Untracked 
|   9|0x0000000709c00000, 0x0000000709dfee20, 0x0000000709e00000| 99%| O|  |TAMS 0x0000000709c00000| PB 0x0000000709c00000| Untracked 
|  10|0x0000000709e00000, 0x0000000709ffffe8, 0x000000070a000000| 99%| O|  |TAMS 0x0000000709e00000| PB 0x0000000709e00000| Untracked 
|  11|0x000000070a000000, 0x000000070a1ffff8, 0x000000070a200000| 99%| O|  |TAMS 0x000000070a000000| PB 0x000000070a000000| Untracked 
|  12|0x000000070a200000, 0x000000070a3ffff8, 0x000000070a400000| 99%| O|  |TAMS 0x000000070a200000| PB 0x000000070a200000| Untracked 
|  13|0x000000070a400000, 0x000000070a5fffe8, 0x000000070a600000| 99%| O|  |TAMS 0x000000070a400000| PB 0x000000070a400000| Untracked 
|  14|0x000000070a600000, 0x000000070a7ffd28, 0x000000070a800000| 99%| O|  |TAMS 0x000000070a600000| PB 0x000000070a600000| Untracked 
|  15|0x000000070a800000, 0x000000070a9c6288, 0x000000070aa00000| 88%| O|  |TAMS 0x000000070a800000| PB 0x000000070a800000| Untracked 
|  16|0x000000070aa00000, 0x000000070abffff0, 0x000000070ac00000| 99%| O|  |TAMS 0x000000070aa00000| PB 0x000000070aa00000| Untracked 
|  17|0x000000070ac00000, 0x000000070ae00000, 0x000000070ae00000|100%| O|  |TAMS 0x000000070ac00000| PB 0x000000070ac00000| Untracked 
|  18|0x000000070ae00000, 0x000000070aefbef8, 0x000000070b000000| 49%| O|  |TAMS 0x000000070ae00000| PB 0x000000070ae00000| Untracked 
|  19|0x000000070b000000, 0x000000070b200000, 0x000000070b200000|100%| O|  |TAMS 0x000000070b000000| PB 0x000000070b000000| Untracked 
|  20|0x000000070b200000, 0x000000070b274260, 0x000000070b400000| 22%| O|Cm|TAMS 0x000000070b200000| PB 0x000000070b200000| Complete 
|  21|0x000000070b400000, 0x000000070b527868, 0x000000070b600000| 57%| O|  |TAMS 0x000000070b400000| PB 0x000000070b400000| Untracked 
|  22|0x000000070b600000, 0x000000070b800000, 0x000000070b800000|100%| O|  |TAMS 0x000000070b600000| PB 0x000000070b600000| Untracked 
|  23|0x000000070b800000, 0x000000070ba00000, 0x000000070ba00000|100%| O|  |TAMS 0x000000070b800000| PB 0x000000070b800000| Untracked 
|  24|0x000000070ba00000, 0x000000070bbd3c00, 0x000000070bc00000| 91%| E|CS|TAMS 0x000000070ba00000| PB 0x000000070ba00000| Complete 
|  25|0x000000070bc00000, 0x000000070be00000, 0x000000070be00000|100%| E|CS|TAMS 0x000000070bc00000| PB 0x000000070bc00000| Complete 
|  26|0x000000070be00000, 0x000000070c000000, 0x000000070c000000|100%| E|CS|TAMS 0x000000070be00000| PB 0x000000070be00000| Complete 
|  27|0x000000070c000000, 0x000000070c200000, 0x000000070c200000|100%| E|CS|TAMS 0x000000070c000000| PB 0x000000070c000000| Complete 
|  28|0x000000070c200000, 0x000000070c2c1800, 0x000000070c400000| 37%| O|  |TAMS 0x000000070c200000| PB 0x000000070c200000| Untracked 
|  29|0x000000070c400000, 0x000000070c400000, 0x000000070c600000|  0%| F|  |TAMS 0x000000070c400000| PB 0x000000070c400000| Untracked 
|  30|0x000000070c600000, 0x000000070c7ec8d0, 0x000000070c800000| 96%| S|  |TAMS 0x000000070c600000| PB 0x000000070c600000| Complete 
|  31|0x000000070c800000, 0x000000070ca00000, 0x000000070ca00000|100%| S|  |TAMS 0x000000070c800000| PB 0x000000070c800000| Complete 
|  32|0x000000070ca00000, 0x000000070cc00000, 0x000000070cc00000|100%| S|  |TAMS 0x000000070ca00000| PB 0x000000070ca00000| Complete 
|  33|0x000000070cc00000, 0x000000070ce00000, 0x000000070ce00000|100%| E|CS|TAMS 0x000000070cc00000| PB 0x000000070cc00000| Complete 
|  34|0x000000070ce00000, 0x000000070d000000, 0x000000070d000000|100%| E|CS|TAMS 0x000000070ce00000| PB 0x000000070ce00000| Complete 
|  35|0x000000070d000000, 0x000000070d200000, 0x000000070d200000|100%| E|CS|TAMS 0x000000070d000000| PB 0x000000070d000000| Complete 
|  36|0x000000070d200000, 0x000000070d400000, 0x000000070d400000|100%| E|CS|TAMS 0x000000070d200000| PB 0x000000070d200000| Complete 
|  37|0x000000070d400000, 0x000000070d600000, 0x000000070d600000|100%| E|CS|TAMS 0x000000070d400000| PB 0x000000070d400000| Complete 
|  38|0x000000070d600000, 0x000000070d800000, 0x000000070d800000|100%| E|CS|TAMS 0x000000070d600000| PB 0x000000070d600000| Complete 
|  39|0x000000070d800000, 0x000000070da00000, 0x000000070da00000|100%| E|CS|TAMS 0x000000070d800000| PB 0x000000070d800000| Complete 
|  40|0x000000070da00000, 0x000000070dc00000, 0x000000070dc00000|100%| E|CS|TAMS 0x000000070da00000| PB 0x000000070da00000| Complete 
|  41|0x000000070dc00000, 0x000000070de00000, 0x000000070de00000|100%| E|CS|TAMS 0x000000070dc00000| PB 0x000000070dc00000| Complete 
|  42|0x000000070de00000, 0x000000070e000000, 0x000000070e000000|100%| E|CS|TAMS 0x000000070de00000| PB 0x000000070de00000| Complete 
|  43|0x000000070e000000, 0x000000070e200000, 0x000000070e200000|100%| E|CS|TAMS 0x000000070e000000| PB 0x000000070e000000| Complete 
|  44|0x000000070e200000, 0x000000070e400000, 0x000000070e400000|100%| E|CS|TAMS 0x000000070e200000| PB 0x000000070e200000| Complete 
|  45|0x000000070e400000, 0x000000070e600000, 0x000000070e600000|100%| E|CS|TAMS 0x000000070e400000| PB 0x000000070e400000| Complete 
|  46|0x000000070e600000, 0x000000070e800000, 0x000000070e800000|100%| E|CS|TAMS 0x000000070e600000| PB 0x000000070e600000| Complete 
|  47|0x000000070e800000, 0x000000070ea00000, 0x000000070ea00000|100%| E|CS|TAMS 0x000000070e800000| PB 0x000000070e800000| Complete 
|  48|0x000000070ea00000, 0x000000070ec00000, 0x000000070ec00000|100%| E|CS|TAMS 0x000000070ea00000| PB 0x000000070ea00000| Complete 
|  49|0x000000070ec00000, 0x000000070ee00000, 0x000000070ee00000|100%| E|CS|TAMS 0x000000070ec00000| PB 0x000000070ec00000| Complete 
|  50|0x000000070ee00000, 0x000000070f000000, 0x000000070f000000|100%| E|CS|TAMS 0x000000070ee00000| PB 0x000000070ee00000| Complete 
|  51|0x000000070f000000, 0x000000070f200000, 0x000000070f200000|100%| E|CS|TAMS 0x000000070f000000| PB 0x000000070f000000| Complete 
|  52|0x000000070f200000, 0x000000070f400000, 0x000000070f400000|100%| E|CS|TAMS 0x000000070f200000| PB 0x000000070f200000| Complete 
|  53|0x000000070f400000, 0x000000070f600000, 0x000000070f600000|100%| E|CS|TAMS 0x000000070f400000| PB 0x000000070f400000| Complete 
|  54|0x000000070f600000, 0x000000070f800000, 0x000000070f800000|100%| E|CS|TAMS 0x000000070f600000| PB 0x000000070f600000| Complete 
|  55|0x000000070f800000, 0x000000070fa00000, 0x000000070fa00000|100%| E|CS|TAMS 0x000000070f800000| PB 0x000000070f800000| Complete 
|  56|0x000000070fa00000, 0x000000070fc00000, 0x000000070fc00000|100%| E|CS|TAMS 0x000000070fa00000| PB 0x000000070fa00000| Complete 
|  57|0x000000070fc00000, 0x000000070fe00000, 0x000000070fe00000|100%| E|CS|TAMS 0x000000070fc00000| PB 0x000000070fc00000| Complete 
|  58|0x000000070fe00000, 0x0000000710000000, 0x0000000710000000|100%| E|CS|TAMS 0x000000070fe00000| PB 0x000000070fe00000| Complete 
|  59|0x0000000710000000, 0x0000000710200000, 0x0000000710200000|100%| E|CS|TAMS 0x0000000710000000| PB 0x0000000710000000| Complete 
|  60|0x0000000710200000, 0x0000000710400000, 0x0000000710400000|100%| E|CS|TAMS 0x0000000710200000| PB 0x0000000710200000| Complete 
|  61|0x0000000710400000, 0x0000000710600000, 0x0000000710600000|100%| E|CS|TAMS 0x0000000710400000| PB 0x0000000710400000| Complete 
|  62|0x0000000710600000, 0x0000000710800000, 0x0000000710800000|100%| E|CS|TAMS 0x0000000710600000| PB 0x0000000710600000| Complete 
|  63|0x0000000710800000, 0x0000000710a00000, 0x0000000710a00000|100%| E|CS|TAMS 0x0000000710800000| PB 0x0000000710800000| Complete 
|  64|0x0000000710a00000, 0x0000000710c00000, 0x0000000710c00000|100%| E|CS|TAMS 0x0000000710a00000| PB 0x0000000710a00000| Complete 
|  65|0x0000000710c00000, 0x0000000710e00000, 0x0000000710e00000|100%| E|CS|TAMS 0x0000000710c00000| PB 0x0000000710c00000| Complete 
|  66|0x0000000710e00000, 0x0000000711000000, 0x0000000711000000|100%| E|CS|TAMS 0x0000000710e00000| PB 0x0000000710e00000| Complete 
|  67|0x0000000711000000, 0x0000000711200000, 0x0000000711200000|100%| E|CS|TAMS 0x0000000711000000| PB 0x0000000711000000| Complete 
|  68|0x0000000711200000, 0x0000000711400000, 0x0000000711400000|100%| E|CS|TAMS 0x0000000711200000| PB 0x0000000711200000| Complete 
|  69|0x0000000711400000, 0x0000000711600000, 0x0000000711600000|100%| E|CS|TAMS 0x0000000711400000| PB 0x0000000711400000| Complete 

Card table byte_map: [0x000001b951790000,0x000001b951f50000] _byte_map_base: 0x000001b94df4b000

Marking Bits: (CMBitMap*) 0x000001b945bb4480
 Bits: [0x000001b951f50000, 0x000001b955d28000)

Polling page: 0x000001b9439c0000

Metaspace:

Usage:
  Non-class:     77.91 MB used.
      Class:     12.83 MB used.
       Both:     90.74 MB used.

Virtual space:
  Non-class space:      128.00 MB reserved,      78.38 MB ( 61%) committed,  2 nodes.
      Class space:        1.00 GB reserved,      13.31 MB (  1%) committed,  1 nodes.
             Both:        1.12 GB reserved,      91.69 MB (  8%) committed. 

Chunk freelists:
   Non-Class:  1.11 MB
       Class:  2.85 MB
        Both:  3.96 MB

MaxMetaspaceSize: unlimited
CompressedClassSpaceSize: 1.00 GB
Initial GC threshold: 21.00 MB
Current GC threshold: 152.50 MB
CDS: on
 - commit_granule_bytes: 65536.
 - commit_granule_words: 8192.
 - virtual_space_node_default_size: 8388608.
 - enlarge_chunks_in_place: 1.
 - use_allocation_guard: 0.


Internal statistics:

num_allocs_failed_limit: 3.
num_arena_births: 1924.
num_arena_deaths: 754.
num_vsnodes_births: 3.
num_vsnodes_deaths: 0.
num_space_committed: 1467.
num_space_uncommitted: 0.
num_chunks_returned_to_freelist: 862.
num_chunks_taken_from_freelist: 5456.
num_chunk_merges: 213.
num_chunk_splits: 3640.
num_chunks_enlarged: 2777.
num_inconsistent_stats: 0.

CodeCache: size=49152Kb used=19126Kb max_used=20211Kb free=30025Kb
 bounds [0x000001b94dfd0000, 0x000001b94f390000, 0x000001b950fd0000]
 total_blobs=10580 nmethods=9800 adapters=704
 compilation: enabled
              stopped_count=0, restarted_count=0
 full_count=0

Compilation events (20 events):
Event: 2616.016 Thread 0x000001b957fe5cf0 14618       1       org.apache.catalina.core.StandardServer::lambda$startPeriodicLifecycleEvent$0 (9 bytes)
Event: 2616.016 Thread 0x000001b957fe5cf0 nmethod 14618 0x000001b94eef6090 code [0x000001b94eef6220, 0x000001b94eef6328]
Event: 2616.200 Thread 0x000001b957fe5cf0 14619       1       org.apache.catalina.core.ContainerBase$ContainerBackgroundProcessor::run (9 bytes)
Event: 2616.200 Thread 0x000001b957fe5cf0 nmethod 14619 0x000001b94eef5d90 code [0x000001b94eef5f20, 0x000001b94eef6018]
Event: 2616.200 Thread 0x000001b957fe5cf0 14620  s!   1       org.apache.catalina.core.StandardContext::backgroundProcess (203 bytes)
Event: 2616.202 Thread 0x000001b957fe5cf0 nmethod 14620 0x000001b94eef4210 code [0x000001b94eef4520, 0x000001b94eef5358]
Event: 2616.203 Thread 0x000001b957fe5cf0 14621   !   1       org.apache.catalina.loader.WebappLoader::backgroundProcess (68 bytes)
Event: 2616.204 Thread 0x000001b957fe5cf0 nmethod 14621 0x000001b94eef3a10 code [0x000001b94eef3c00, 0x000001b94eef3f18]
Event: 2616.204 Thread 0x000001b957fe5cf0 14622       1       org.apache.catalina.session.ManagerBase::backgroundProcess (27 bytes)
Event: 2616.204 Thread 0x000001b957fe5cf0 nmethod 14622 0x000001b94eef3690 code [0x000001b94eef3820, 0x000001b94eef3948]
Event: 2616.204 Thread 0x000001b957fe5cf0 14623       1       org.apache.catalina.webresources.StandardRoot::backgroundProcess (12 bytes)
Event: 2616.204 Thread 0x000001b957fe5cf0 nmethod 14623 0x000001b94eef3290 code [0x000001b94eef3440, 0x000001b94eef3568]
Event: 2616.204 Thread 0x000001b957fe5cf0 14624       1       org.apache.catalina.webresources.Cache::backgroundProcess (120 bytes)
Event: 2616.206 Thread 0x000001b957fe5cf0 nmethod 14624 0x000001b94eef2090 code [0x000001b94eef2320, 0x000001b94eef2d18]
Event: 2616.206 Thread 0x000001b957fe5cf0 14625       1       org.apache.catalina.webresources.Cache::evict (79 bytes)
Event: 2616.207 Thread 0x000001b957fe5cf0 nmethod 14625 0x000001b94eef1a10 code [0x000001b94eef1be0, 0x000001b94eef1e58]
Event: 2616.207 Thread 0x000001b957fe5cf0 14626       1       org.apache.catalina.core.DefaultInstanceManager::backgroundProcess (8 bytes)
Event: 2616.207 Thread 0x000001b957fe5cf0 nmethod 14626 0x000001b94eef1690 code [0x000001b94eef1820, 0x000001b94eef1920]
Event: 2616.207 Thread 0x000001b957fe5cf0 14627       1       org.apache.tomcat.util.collections.ManagedConcurrentWeakHashMap::maintain (44 bytes)
Event: 2616.207 Thread 0x000001b957fe5cf0 nmethod 14627 0x000001b94eef1190 code [0x000001b94eef1340, 0x000001b94eef1508]

GC Heap History (20 events):
Event: 65.610 GC heap after
{Heap after GC invocations=57 (full 0):
 garbage-first heap   total 178176K, used 95865K [0x0000000708a00000, 0x0000000800000000)
  region size 2048K, 5 young (10240K), 5 survivors (10240K)
 Metaspace       used 81976K, committed 82688K, reserved 1179648K
  class space    used 11557K, committed 11840K, reserved 1048576K
}
Event: 67.091 GC heap before
{Heap before GC invocations=57 (full 0):
 garbage-first heap   total 178176K, used 145017K [0x0000000708a00000, 0x0000000800000000)
  region size 2048K, 29 young (59392K), 5 survivors (10240K)
 Metaspace       used 84319K, committed 85056K, reserved 1179648K
  class space    used 11896K, committed 12224K, reserved 1048576K
}
Event: 67.118 GC heap after
{Heap after GC invocations=58 (full 0):
 garbage-first heap   total 178176K, used 101119K [0x0000000708a00000, 0x0000000800000000)
  region size 2048K, 2 young (4096K), 2 survivors (4096K)
 Metaspace       used 84319K, committed 85056K, reserved 1179648K
  class space    used 11896K, committed 12224K, reserved 1048576K
}
Event: 70.327 GC heap before
{Heap before GC invocations=59 (full 0):
 garbage-first heap   total 178176K, used 148223K [0x0000000708a00000, 0x0000000800000000)
  region size 2048K, 26 young (53248K), 2 survivors (4096K)
 Metaspace       used 86240K, committed 87104K, reserved 1179648K
  class space    used 12168K, committed 12544K, reserved 1048576K
}
Event: 70.341 GC heap after
{Heap after GC invocations=60 (full 0):
 garbage-first heap   total 178176K, used 100565K [0x0000000708a00000, 0x0000000800000000)
  region size 2048K, 3 young (6144K), 3 survivors (6144K)
 Metaspace       used 86240K, committed 87104K, reserved 1179648K
  class space    used 12168K, committed 12544K, reserved 1048576K
}
Event: 72.160 GC heap before
{Heap before GC invocations=60 (full 0):
 garbage-first heap   total 178176K, used 151765K [0x0000000708a00000, 0x0000000800000000)
  region size 2048K, 28 young (57344K), 3 survivors (6144K)
 Metaspace       used 87356K, committed 88256K, reserved 1179648K
  class space    used 12364K, committed 12800K, reserved 1048576K
}
Event: 72.175 GC heap after
{Heap after GC invocations=61 (full 0):
 garbage-first heap   total 178176K, used 100235K [0x0000000708a00000, 0x0000000800000000)
  region size 2048K, 3 young (6144K), 3 survivors (6144K)
 Metaspace       used 87356K, committed 88256K, reserved 1179648K
  class space    used 12364K, committed 12800K, reserved 1048576K
}
Event: 72.748 GC heap before
{Heap before GC invocations=61 (full 0):
 garbage-first heap   total 178176K, used 153483K [0x0000000708a00000, 0x0000000800000000)
  region size 2048K, 29 young (59392K), 3 survivors (6144K)
 Metaspace       used 87754K, committed 88640K, reserved 1179648K
  class space    used 12409K, committed 12800K, reserved 1048576K
}
Event: 72.763 GC heap after
{Heap after GC invocations=62 (full 0):
 garbage-first heap   total 178176K, used 101605K [0x0000000708a00000, 0x0000000800000000)
  region size 2048K, 2 young (4096K), 2 survivors (4096K)
 Metaspace       used 87754K, committed 88640K, reserved 1179648K
  class space    used 12409K, committed 12800K, reserved 1048576K
}
Event: 74.826 GC heap before
{Heap before GC invocations=63 (full 0):
 garbage-first heap   total 178176K, used 132325K [0x0000000708a00000, 0x0000000800000000)
  region size 2048K, 30 young (61440K), 2 survivors (4096K)
 Metaspace       used 91462K, committed 92480K, reserved 1179648K
  class space    used 12972K, committed 13440K, reserved 1048576K
}
Event: 74.839 GC heap after
{Heap after GC invocations=64 (full 0):
 garbage-first heap   total 178176K, used 78397K [0x0000000708a00000, 0x0000000800000000)
  region size 2048K, 3 young (6144K), 3 survivors (6144K)
 Metaspace       used 91462K, committed 92480K, reserved 1179648K
  class space    used 12972K, committed 13440K, reserved 1048576K
}
Event: 892.567 GC heap before
{Heap before GC invocations=64 (full 0):
 garbage-first heap   total 178176K, used 156221K [0x0000000708a00000, 0x0000000800000000)
  region size 2048K, 41 young (83968K), 3 survivors (6144K)
 Metaspace       used 92460K, committed 93504K, reserved 1179648K
  class space    used 13135K, committed 13632K, reserved 1048576K
}
Event: 892.578 GC heap after
{Heap after GC invocations=65 (full 0):
 garbage-first heap   total 178176K, used 62835K [0x0000000708a00000, 0x0000000800000000)
  region size 2048K, 3 young (6144K), 3 survivors (6144K)
 Metaspace       used 92460K, committed 93504K, reserved 1179648K
  class space    used 13135K, committed 13632K, reserved 1048576K
}
Event: 2044.825 GC heap before
{Heap before GC invocations=65 (full 0):
 garbage-first heap   total 178176K, used 157043K [0x0000000708a00000, 0x0000000800000000)
  region size 2048K, 49 young (100352K), 3 survivors (6144K)
 Metaspace       used 92507K, committed 93568K, reserved 1179648K
  class space    used 13145K, committed 13632K, reserved 1048576K
}
Event: 2044.842 GC heap after
{Heap after GC invocations=66 (full 0):
 garbage-first heap   total 178176K, used 63204K [0x0000000708a00000, 0x0000000800000000)
  region size 2048K, 3 young (6144K), 3 survivors (6144K)
 Metaspace       used 92507K, committed 93568K, reserved 1179648K
  class space    used 13145K, committed 13632K, reserved 1048576K
}
Event: 2447.575 GC heap before
{Heap before GC invocations=66 (full 0):
 garbage-first heap   total 178176K, used 102116K [0x0000000708a00000, 0x0000000800000000)
  region size 2048K, 23 young (47104K), 3 survivors (6144K)
 Metaspace       used 92627K, committed 93696K, reserved 1179648K
  class space    used 13170K, committed 13632K, reserved 1048576K
}
Event: 2447.721 GC heap after
{Heap after GC invocations=67 (full 1):
 garbage-first heap   total 143360K, used 39281K [0x0000000708a00000, 0x0000000800000000)
  region size 2048K, 0 young (0K), 0 survivors (0K)
 Metaspace       used 92034K, committed 93696K, reserved 1179648K
  class space    used 13022K, committed 13632K, reserved 1048576K
}
Event: 2455.762 GC heap before
{Heap before GC invocations=67 (full 1):
 garbage-first heap   total 143360K, used 125297K [0x0000000708a00000, 0x0000000800000000)
  region size 2048K, 42 young (86016K), 0 survivors (0K)
 Metaspace       used 92462K, committed 93696K, reserved 1179648K
  class space    used 13094K, committed 13632K, reserved 1048576K
}
Event: 2455.774 GC heap after
{Heap after GC invocations=68 (full 1):
 garbage-first heap   total 143360K, used 47296K [0x0000000708a00000, 0x0000000800000000)
  region size 2048K, 4 young (8192K), 4 survivors (8192K)
 Metaspace       used 92462K, committed 93696K, reserved 1179648K
  class space    used 13094K, committed 13632K, reserved 1048576K
}
Event: 2653.196 GC heap before
{Heap before GC invocations=69 (full 1):
 garbage-first heap   total 143360K, used 123072K [0x0000000708a00000, 0x0000000800000000)
  region size 2048K, 41 young (83968K), 4 survivors (8192K)
 Metaspace       used 92919K, committed 93888K, reserved 1179648K
  class space    used 13138K, committed 13632K, reserved 1048576K
}

Dll operation events (12 events):
Event: 0.083 Loaded shared library C:\Program Files\Java\jdk-21\bin\java.dll
Event: 1.567 Loaded shared library C:\Program Files\Java\jdk-21\bin\zip.dll
Event: 1.583 Loaded shared library C:\Program Files\Java\jdk-21\bin\instrument.dll
Event: 1.600 Loaded shared library C:\Program Files\Java\jdk-21\bin\net.dll
Event: 1.644 Loaded shared library C:\Program Files\Java\jdk-21\bin\nio.dll
Event: 1.669 Loaded shared library C:\Program Files\Java\jdk-21\bin\zip.dll
Event: 2.763 Loaded shared library C:\Program Files\Java\jdk-21\bin\jimage.dll
Event: 2.915 Loaded shared library C:\Program Files\Java\jdk-21\bin\management.dll
Event: 2.996 Loaded shared library C:\Program Files\Java\jdk-21\bin\management_ext.dll
Event: 3.832 Loaded shared library C:\Program Files\Java\jdk-21\bin\extnet.dll
Event: 4.028 Loaded shared library C:\Program Files\Java\jdk-21\bin\verify.dll
Event: 19.656 Loaded shared library C:\Program Files\Java\jdk-21\bin\sunmscapi.dll

Deoptimization events (20 events):
Event: 2474.568 Thread 0x000001b9654bff40 DEOPT PACKING pc=0x000001b94e48d8f4 sp=0x0000005e814fd600
Event: 2474.568 Thread 0x000001b9654bff40 DEOPT UNPACKING pc=0x000001b94e024e42 sp=0x0000005e814fcb68 mode 1
Event: 2474.568 Thread 0x000001b9654bff40 DEOPT PACKING pc=0x000001b94ec9e59c sp=0x0000005e814fcfd0
Event: 2474.568 Thread 0x000001b9654bff40 DEOPT UNPACKING pc=0x000001b94e024e42 sp=0x0000005e814fc538 mode 1
Event: 2474.569 Thread 0x000001b9654bff40 DEOPT PACKING pc=0x000001b94e48d8f4 sp=0x0000005e814fd040
Event: 2474.569 Thread 0x000001b9654bff40 DEOPT UNPACKING pc=0x000001b94e024e42 sp=0x0000005e814fc5a8 mode 1
Event: 2474.569 Thread 0x000001b9654bff40 DEOPT PACKING pc=0x000001b94e48d8f4 sp=0x0000005e814fd040
Event: 2474.569 Thread 0x000001b9654bff40 DEOPT UNPACKING pc=0x000001b94e024e42 sp=0x0000005e814fc5a8 mode 1
Event: 2474.569 Thread 0x000001b9654bff40 DEOPT PACKING pc=0x000001b94e48d8f4 sp=0x0000005e814fd040
Event: 2474.569 Thread 0x000001b9654bff40 DEOPT UNPACKING pc=0x000001b94e024e42 sp=0x0000005e814fc5a8 mode 1
Event: 2474.569 Thread 0x000001b9654bff40 DEOPT PACKING pc=0x000001b94e48d8f4 sp=0x0000005e814fd040
Event: 2474.569 Thread 0x000001b9654bff40 DEOPT UNPACKING pc=0x000001b94e024e42 sp=0x0000005e814fc5a8 mode 1
Event: 2474.569 Thread 0x000001b9654bff40 DEOPT PACKING pc=0x000001b94e48d8f4 sp=0x0000005e814fd040
Event: 2474.569 Thread 0x000001b9654bff40 DEOPT UNPACKING pc=0x000001b94e024e42 sp=0x0000005e814fc5a8 mode 1
Event: 2474.569 Thread 0x000001b9654bff40 DEOPT PACKING pc=0x000001b94e48d8f4 sp=0x0000005e814fd040
Event: 2474.569 Thread 0x000001b9654bff40 DEOPT UNPACKING pc=0x000001b94e024e42 sp=0x0000005e814fc5a8 mode 1
Event: 2474.569 Thread 0x000001b9654bff40 DEOPT PACKING pc=0x000001b94e48d8f4 sp=0x0000005e814fd040
Event: 2474.569 Thread 0x000001b9654bff40 DEOPT UNPACKING pc=0x000001b94e024e42 sp=0x0000005e814fc5a8 mode 1
Event: 2629.214 Thread 0x000001b9654bb710 DEOPT PACKING pc=0x000001b94e883f3c sp=0x0000005e815fdb20
Event: 2629.215 Thread 0x000001b9654bb710 DEOPT UNPACKING pc=0x000001b94e024e42 sp=0x0000005e815fcfd8 mode 0

Classes loaded (20 events):
Event: 1810.813 Loading class sun/security/ssl/Alert
Event: 1810.815 Loading class sun/security/ssl/Alert done
Event: 1810.816 Loading class sun/security/ssl/Alert$AlertConsumer
Event: 1810.816 Loading class sun/security/ssl/Alert$AlertConsumer done
Event: 1810.816 Loading class sun/security/ssl/Alert$Level
Event: 1810.817 Loading class sun/security/ssl/Alert$Level done
Event: 1810.819 Loading class sun/net/ConnectionResetException
Event: 1810.819 Loading class sun/net/ConnectionResetException done
Event: 2447.359 Loading class java/util/concurrent/locks/AbstractQueuedSynchronizer$SharedNode
Event: 2447.360 Loading class java/util/concurrent/locks/AbstractQueuedSynchronizer$SharedNode done
Event: 2447.449 Loading class javax/management/NotificationBroadcasterSupport$WildcardListenerInfo
Event: 2447.449 Loading class javax/management/NotificationBroadcasterSupport$WildcardListenerInfo done
Event: 2447.484 Loading class java/util/AbstractMap$2
Event: 2447.484 Loading class java/util/AbstractMap$2 done
Event: 2447.497 Loading class java/util/AbstractMap$2$1
Event: 2447.497 Loading class java/util/AbstractMap$2$1 done
Event: 2447.722 Loading class java/lang/ref/Finalizer$2
Event: 2447.725 Loading class java/lang/ref/Finalizer$2 done
Event: 2447.725 Loading class java/lang/ref/Finalizer$1
Event: 2447.725 Loading class java/lang/ref/Finalizer$1 done

Classes unloaded (20 events):
Event: 2455.898 Thread 0x000001b957fc7930 Unloading class 0x000001b9018d8400 'java/lang/invoke/LambdaForm$MH+0x000001b9018d8400'
Event: 2455.898 Thread 0x000001b957fc7930 Unloading class 0x000001b9018d8000 'java/lang/invoke/LambdaForm$MH+0x000001b9018d8000'
Event: 2455.898 Thread 0x000001b957fc7930 Unloading class 0x000001b901579000 'java/lang/invoke/LambdaForm$MH+0x000001b901579000'
Event: 2455.898 Thread 0x000001b957fc7930 Unloading class 0x000001b901578800 'java/lang/invoke/LambdaForm$MH+0x000001b901578800'
Event: 2455.898 Thread 0x000001b957fc7930 Unloading class 0x000001b901578400 'java/lang/invoke/LambdaForm$MH+0x000001b901578400'
Event: 2455.898 Thread 0x000001b957fc7930 Unloading class 0x000001b901578000 'java/lang/invoke/LambdaForm$MH+0x000001b901578000'
Event: 2455.898 Thread 0x000001b957fc7930 Unloading class 0x000001b9011c9c00 'java/lang/invoke/LambdaForm$MH+0x000001b9011c9c00'
Event: 2455.898 Thread 0x000001b957fc7930 Unloading class 0x000001b9011c8800 'java/lang/invoke/LambdaForm$MH+0x000001b9011c8800'
Event: 2455.898 Thread 0x000001b957fc7930 Unloading class 0x000001b9011c8400 'java/lang/invoke/LambdaForm$MH+0x000001b9011c8400'
Event: 2455.898 Thread 0x000001b957fc7930 Unloading class 0x000001b9011a8000 'java/lang/invoke/LambdaForm$MH+0x000001b9011a8000'
Event: 2455.898 Thread 0x000001b957fc7930 Unloading class 0x000001b9011a0c00 'java/lang/invoke/LambdaForm$MH+0x000001b9011a0c00'
Event: 2455.898 Thread 0x000001b957fc7930 Unloading class 0x000001b9011a0800 'java/lang/invoke/LambdaForm$MH+0x000001b9011a0800'
Event: 2455.898 Thread 0x000001b957fc7930 Unloading class 0x000001b9010d9000 'jdk/internal/reflect/GeneratedSerializationConstructorAccessor10'
Event: 2455.898 Thread 0x000001b957fc7930 Unloading class 0x000001b901009c00 'java/lang/invoke/LambdaForm$MH+0x000001b901009c00'
Event: 2455.898 Thread 0x000001b957fc7930 Unloading class 0x000001b901009000 'java/lang/invoke/LambdaForm$MH+0x000001b901009000'
Event: 2455.898 Thread 0x000001b957fc7930 Unloading class 0x000001b901007400 'java/lang/invoke/LambdaForm$MH+0x000001b901007400'
Event: 2455.898 Thread 0x000001b957fc7930 Unloading class 0x000001b901006c00 'java/lang/invoke/LambdaForm$MH+0x000001b901006c00'
Event: 2455.898 Thread 0x000001b957fc7930 Unloading class 0x000001b901006400 'java/lang/invoke/LambdaForm$MH+0x000001b901006400'
Event: 2455.898 Thread 0x000001b957fc7930 Unloading class 0x000001b901005c00 'java/lang/invoke/LambdaForm$MH+0x000001b901005c00'
Event: 2455.898 Thread 0x000001b957fc7930 Unloading class 0x000001b901005400 'java/lang/invoke/LambdaForm$MH+0x000001b901005400'

Classes redefined (0 events):
No events

Internal exceptions (20 events):
Event: 2447.573 Thread 0x000001b95d91c110 Exception <a 'java/lang/InterruptedException'{0x0000000710e36040}: sleep interrupted> (0x0000000710e36040) 
thrown [s\open\src\hotspot\share\prims\jvm.cpp, line 3074]
Event: 2447.832 Thread 0x000001b9654bb710 Exception <a 'sun/nio/fs/WindowsException'{0x000000071152f2e8}> (0x000000071152f2e8) 
thrown [s\open\src\hotspot\share\prims\jni.cpp, line 520]
Event: 2450.516 Thread 0x000001b9654bb710 Exception <a 'java/lang/NoClassDefFoundError'{0x000000070dd44640}: org/flywaydb/core/Flyway> (0x000000070dd44640) 
thrown [s\open\src\hotspot\share\oops\constantPool.cpp, line 873]
Event: 2454.949 Thread 0x000001b9654bb710 Exception <a 'java/lang/NoClassDefFoundError'{0x000000070dd44ca0}: liquibase/integration/spring/SpringLiquibase> (0x000000070dd44ca0) 
thrown [s\open\src\hotspot\share\oops\constantPool.cpp, line 873]
Event: 2454.973 Thread 0x000001b9654bb710 Exception <a 'java/lang/NoClassDefFoundError'{0x000000070da44d40}: org/jooq/DSLContext> (0x000000070da44d40) 
thrown [s\open\src\hotspot\share\oops\constantPool.cpp, line 873]
Event: 2454.980 Thread 0x000001b9654bb710 Exception <a 'java/lang/NoClassDefFoundError'{0x000000070da5fa28}: org/springframework/batch/core/repository/JobRepository> (0x000000070da5fa28) 
thrown [s\open\src\hotspot\share\oops\constantPool.cpp, line 873]
Event: 2454.982 Thread 0x000001b9654bb710 Exception <a 'java/lang/NoClassDefFoundError'{0x000000070da60080}: org/quartz/Scheduler> (0x000000070da60080) 
thrown [s\open\src\hotspot\share\oops\constantPool.cpp, line 873]
Event: 2454.983 Thread 0x000001b9654bb710 Exception <a 'java/lang/NoClassDefFoundError'{0x000000070da60700}: org/springframework/session/jdbc/JdbcIndexedSessionRepository> (0x000000070da60700) 
thrown [s\open\src\hotspot\share\oops\constantPool.cpp, line 873]
Event: 2455.026 Thread 0x000001b9654bb710 Exception <a 'java/lang/NoSuchMethodError'{0x000000070dbbc348}: 'void java.lang.invoke.DelegatingMethodHandle$Holder.reinvoke_L(java.lang.Object, java.lang.Object, int)'> (0x000000070dbbc348) 
thrown [s\open\src\hotspot\share\interpreter\linkResolver.cpp, line 773]
Event: 2455.063 Thread 0x000001b9654bb710 Exception <a 'java/lang/ArrayIndexOutOfBoundsException'{0x000000070d9a4d40}: Index 40 out of bounds for length 40> (0x000000070d9a4d40) 
thrown [s\open\src\hotspot\share\interpreter\interpreterRuntime.cpp, line 439]
Event: 2455.063 Thread 0x000001b9654bb710 Exception <a 'java/lang/ArrayIndexOutOfBoundsException'{0x000000070d9a5318}: Index 40 out of bounds for length 40> (0x000000070d9a5318) 
thrown [s\open\src\hotspot\share\interpreter\interpreterRuntime.cpp, line 439]
Event: 2455.079 Thread 0x000001b9654bb710 Exception <a 'java/lang/ArrayIndexOutOfBoundsException'{0x000000070d9f7170}> (0x000000070d9f7170) 
thrown [s\open\src\hotspot\share\runtime\sharedRuntime.cpp, line 625]
Event: 2455.079 Thread 0x000001b9654bb710 Exception <a 'java/lang/ArrayIndexOutOfBoundsException'{0x000000070d9f7748}> (0x000000070d9f7748) 
thrown [s\open\src\hotspot\share\runtime\sharedRuntime.cpp, line 625]
Event: 2455.432 Thread 0x000001b9654bb710 Exception <a 'java/lang/NoSuchMethodError'{0x000000070c8e3070}: 'int java.lang.invoke.DirectMethodHandle$Holder.invokeVirtual(java.lang.Object, java.lang.Object, java.lang.Object, java.lang.Object)'> (0x000000070c8e3070) 
thrown [s\open\src\hotspot\share\interpreter\linkResolver.cpp, line 773]
Event: 2455.434 Thread 0x000001b9654bb710 Exception <a 'java/lang/NoSuchMethodError'{0x000000070c8e6648}: 'int java.lang.invoke.DelegatingMethodHandle$Holder.reinvoke_L(java.lang.Object, java.lang.Object, java.lang.Object, java.lang.Object)'> (0x000000070c8e6648) 
thrown [s\open\src\hotspot\share\interpreter\linkResolver.cpp, line 773]
Event: 2455.490 Thread 0x000001b9654bb710 Exception <a 'java/io/FileNotFoundException'{0x000000070c948100}> (0x000000070c948100) 
thrown [s\open\src\hotspot\share\prims\jni.cpp, line 520]
Event: 2456.009 Thread 0x000001b9654bb710 Exception <a 'java/io/FileNotFoundException'{0x0000000710eb7370}> (0x0000000710eb7370) 
thrown [s\open\src\hotspot\share\prims\jni.cpp, line 520]
Event: 2458.047 Thread 0x000001b9654bb710 Exception <a 'java/io/FileNotFoundException'{0x000000070d53e010}> (0x000000070d53e010) 
thrown [s\open\src\hotspot\share\prims\jni.cpp, line 520]
Event: 2458.049 Thread 0x000001b9654bb710 Exception <a 'java/io/FileNotFoundException'{0x000000070d548028}> (0x000000070d548028) 
thrown [s\open\src\hotspot\share\prims\jni.cpp, line 520]
Event: 2474.570 Thread 0x000001b9654bff40 Exception <a 'java/lang/NoSuchMethodError'{0x000000070cce7100}: static [B.<clinit>()V> (0x000000070cce7100) 
thrown [s\open\src\hotspot\share\prims\jni.cpp, line 1111]

ZGC Phase Switch (0 events):
No events

VM Operations (20 events):
Event: 2462.589 Executing VM operation: get/set locals done
Event: 2465.558 Executing VM operation: HandshakeAllThreads (HandshakeForDeflation)
Event: 2465.558 Executing VM operation: HandshakeAllThreads (HandshakeForDeflation) done
Event: 2465.558 Executing VM operation: RendezvousGCThreads
Event: 2465.558 Executing VM operation: RendezvousGCThreads done
Event: 2585.739 Executing VM operation: HandshakeAllThreads (HandshakeForDeflation)
Event: 2585.739 Executing VM operation: HandshakeAllThreads (HandshakeForDeflation) done
Event: 2585.739 Executing VM operation: RendezvousGCThreads
Event: 2585.739 Executing VM operation: RendezvousGCThreads done
Event: 2606.873 Executing VM operation: Cleanup
Event: 2606.873 Executing VM operation: Cleanup done
Event: 2629.214 Executing VM operation: ChangeSingleStep
Event: 2629.214 Executing VM operation: ChangeSingleStep done
Event: 2629.215 Executing VM operation: ChangeSingleStep
Event: 2629.215 Executing VM operation: ChangeSingleStep done
Event: 2645.938 Executing VM operation: HandshakeAllThreads (HandshakeForDeflation)
Event: 2645.938 Executing VM operation: HandshakeAllThreads (HandshakeForDeflation) done
Event: 2645.938 Executing VM operation: RendezvousGCThreads
Event: 2645.938 Executing VM operation: RendezvousGCThreads done
Event: 2653.196 Executing VM operation: G1CollectForAllocation (G1 Evacuation Pause)

Events (20 events):
Event: 2455.918 Thread 0x000001b957fc7930 flushing nmethod 0x000001b94eadad90
Event: 2455.918 Thread 0x000001b957fc7930 flushing nmethod 0x000001b94eae1690
Event: 2455.918 Thread 0x000001b957fc7930 flushing nmethod 0x000001b94eae3390
Event: 2455.918 Thread 0x000001b957fc7930 flushing nmethod 0x000001b94eaef810
Event: 2455.918 Thread 0x000001b957fc7930 flushing nmethod 0x000001b94eb2ed10
Event: 2455.918 Thread 0x000001b957fc7930 flushing nmethod 0x000001b94eb2fd90
Event: 2455.918 Thread 0x000001b957fc7930 flushing nmethod 0x000001b94eb6ca90
Event: 2455.918 Thread 0x000001b957fc7930 flushing nmethod 0x000001b94ebbd410
Event: 2455.918 Thread 0x000001b957fc7930 flushing nmethod 0x000001b94ebbff90
Event: 2455.918 Thread 0x000001b957fc7930 flushing nmethod 0x000001b94ebf4410
Event: 2455.918 Thread 0x000001b957fc7930 flushing nmethod 0x000001b94ecb5d10
Event: 2455.918 Thread 0x000001b957fc7930 flushing nmethod 0x000001b94ed57810
Event: 2456.011 Thread 0x000001b9654c05d0 Thread added: 0x000001b9654c05d0
Event: 2456.012 Thread 0x000001b9654bc430 Thread added: 0x000001b9654bc430
Event: 2456.012 Thread 0x000001b9654c12f0 Thread added: 0x000001b9654c12f0
Event: 2456.345 Thread 0x000001b9654bd7e0 Thread added: 0x000001b9654bd7e0
Event: 2456.447 Thread 0x000001b9654c1980 Thread added: 0x000001b9654c1980
Event: 2462.000 Thread 0x000001b9654c1980 Thread exited: 0x000001b9654c1980
Event: 2463.160 Thread 0x000001b95f7c7330 Thread exited: 0x000001b95f7c7330
Event: 2463.160 Thread 0x000001b95f4bb2e0 Thread exited: 0x000001b95f4bb2e0


Dynamic libraries:
0x00007ff6fbd80000 - 0x00007ff6fbd90000 	C:\Program Files\Java\jdk-21\bin\javaw.exe
0x00007ffb867d0000 - 0x00007ffb869c8000 	C:\Windows\SYSTEM32\ntdll.dll
0x00007ffb86030000 - 0x00007ffb860f2000 	C:\Windows\System32\KERNEL32.DLL
0x00007ffb83f30000 - 0x00007ffb8422f000 	C:\Windows\System32\KERNELBASE.dll
0x00007ffb844b0000 - 0x00007ffb845b0000 	C:\Windows\System32\ucrtbase.dll
0x00007ffb59850000 - 0x00007ffb59869000 	C:\Program Files\Java\jdk-21\bin\jli.dll
0x00007ffb84f60000 - 0x00007ffb8500f000 	C:\Windows\System32\ADVAPI32.dll
0x00007ffb855b0000 - 0x00007ffb8564e000 	C:\Windows\System32\msvcrt.dll
0x00007ffb851c0000 - 0x00007ffb8525f000 	C:\Windows\System32\sechost.dll
0x00007ffb85420000 - 0x00007ffb85543000 	C:\Windows\System32\RPCRT4.dll
0x00007ffb845b0000 - 0x00007ffb845d7000 	C:\Windows\System32\bcrypt.dll
0x00007ffb85260000 - 0x00007ffb853fd000 	C:\Windows\System32\USER32.dll
0x00007ffb847c0000 - 0x00007ffb847e2000 	C:\Windows\System32\win32u.dll
0x00007ffb86690000 - 0x00007ffb866bb000 	C:\Windows\System32\GDI32.dll
0x00007ffb84390000 - 0x00007ffb844aa000 	C:\Windows\System32\gdi32full.dll
0x00007ffb845e0000 - 0x00007ffb8467d000 	C:\Windows\System32\msvcp_win.dll
0x00007ffb59580000 - 0x00007ffb5959b000 	C:\Program Files\Java\jdk-21\bin\VCRUNTIME140.dll
0x00007ffb72f70000 - 0x00007ffb7320a000 	C:\Windows\WinSxS\amd64_microsoft.windows.common-controls_6595b64144ccf1df_6.0.19041.4355_none_60b8b9eb71f62e16\COMCTL32.dll
0x00007ffb7d2b0000 - 0x00007ffb7d2ba000 	C:\Windows\SYSTEM32\VERSION.dll
0x00007ffb86520000 - 0x00007ffb8654f000 	C:\Windows\System32\IMM32.DLL
0x00007ffb7c190000 - 0x00007ffb7c19c000 	C:\Program Files\Java\jdk-21\bin\vcruntime140_1.dll
0x00007ffb45e10000 - 0x00007ffb45e9e000 	C:\Program Files\Java\jdk-21\bin\msvcp140.dll
0x00007ffb0ba20000 - 0x00007ffb0c738000 	C:\Program Files\Java\jdk-21\bin\server\jvm.dll
0x00007ffb86720000 - 0x00007ffb8678b000 	C:\Windows\System32\WS2_32.dll
0x00007ffb83c20000 - 0x00007ffb83c6b000 	C:\Windows\SYSTEM32\POWRPROF.dll
0x00007ffb79f00000 - 0x00007ffb79f27000 	C:\Windows\SYSTEM32\WINMM.dll
0x00007ffb83c00000 - 0x00007ffb83c12000 	C:\Windows\SYSTEM32\UMPDC.dll
0x00007ffb81cd0000 - 0x00007ffb81ce2000 	C:\Windows\SYSTEM32\kernel.appcore.dll
0x00007ffb73700000 - 0x00007ffb7370a000 	C:\Program Files\Java\jdk-21\bin\jimage.dll
0x00007ffb71bd0000 - 0x00007ffb71db4000 	C:\Windows\SYSTEM32\DBGHELP.DLL
0x00007ffb703b0000 - 0x00007ffb703e4000 	C:\Windows\SYSTEM32\dbgcore.DLL
0x00007ffb84680000 - 0x00007ffb84702000 	C:\Windows\System32\bcryptPrimitives.dll
0x00007ffb46520000 - 0x00007ffb4655c000 	C:\Program Files\Java\jdk-21\bin\jdwp.dll
0x00007ffb72ee0000 - 0x00007ffb72eef000 	C:\Program Files\Java\jdk-21\bin\instrument.dll
0x00007ffb590f0000 - 0x00007ffb5910f000 	C:\Program Files\Java\jdk-21\bin\java.dll
0x00007ffb847f0000 - 0x00007ffb84f5d000 	C:\Windows\System32\SHELL32.dll
0x00007ffb81ed0000 - 0x00007ffb82674000 	C:\Windows\SYSTEM32\windows.storage.dll
0x00007ffb861c0000 - 0x00007ffb86515000 	C:\Windows\System32\combase.dll
0x00007ffb83830000 - 0x00007ffb8385b000 	C:\Windows\SYSTEM32\Wldp.dll
0x00007ffb85730000 - 0x00007ffb857fd000 	C:\Windows\System32\OLEAUT32.dll
0x00007ffb86100000 - 0x00007ffb861ad000 	C:\Windows\System32\SHCORE.dll
0x00007ffb866c0000 - 0x00007ffb86715000 	C:\Windows\System32\shlwapi.dll
0x00007ffb83da0000 - 0x00007ffb83dc5000 	C:\Windows\SYSTEM32\profapi.dll
0x00007ffb72ca0000 - 0x00007ffb72cac000 	C:\Program Files\Java\jdk-21\bin\dt_socket.dll
0x00007ffb83210000 - 0x00007ffb8324b000 	C:\Windows\SYSTEM32\IPHLPAPI.DLL
0x00007ffb83530000 - 0x00007ffb8359c000 	C:\Windows\system32\mswsock.dll
0x00007ffb83250000 - 0x00007ffb8331a000 	C:\Windows\SYSTEM32\DNSAPI.dll
0x00007ffb86680000 - 0x00007ffb86688000 	C:\Windows\System32\NSI.dll
0x00007ffb73cf0000 - 0x00007ffb73cfa000 	C:\Windows\System32\rasadhlp.dll
0x00007ffb747d0000 - 0x00007ffb74850000 	C:\Windows\System32\fwpuclnt.dll
0x00007ffb45df0000 - 0x00007ffb45e08000 	C:\Program Files\Java\jdk-21\bin\zip.dll
0x00007ffb61af0000 - 0x00007ffb61b00000 	C:\Program Files\Java\jdk-21\bin\net.dll
0x00007ffb7a410000 - 0x00007ffb7a51a000 	C:\Windows\SYSTEM32\WINHTTP.dll
0x00007ffb60ed0000 - 0x00007ffb60ee6000 	C:\Program Files\Java\jdk-21\bin\nio.dll
0x00007ffb61cf0000 - 0x00007ffb61cfa000 	C:\Program Files\Java\jdk-21\bin\management.dll
0x00007ffb61b70000 - 0x00007ffb61b7b000 	C:\Program Files\Java\jdk-21\bin\management_ext.dll
0x00007ffb861b0000 - 0x00007ffb861b8000 	C:\Windows\System32\PSAPI.DLL
0x00007ffb6d570000 - 0x00007ffb6d587000 	C:\Windows\system32\napinsp.dll
0x00007ffb6c930000 - 0x00007ffb6c94b000 	C:\Windows\system32\pnrpnsp.dll
0x00007ffb7fc70000 - 0x00007ffb7fc85000 	C:\Windows\system32\wshbth.dll
0x00007ffb7ec30000 - 0x00007ffb7ec4d000 	C:\Windows\system32\NLAapi.dll
0x00007ffb6c910000 - 0x00007ffb6c922000 	C:\Windows\System32\winrnr.dll
0x00007ffb83730000 - 0x00007ffb83748000 	C:\Windows\SYSTEM32\CRYPTSP.dll
0x00007ffb82e50000 - 0x00007ffb82e88000 	C:\Windows\system32\rsaenh.dll
0x00007ffb83d60000 - 0x00007ffb83d8e000 	C:\Windows\SYSTEM32\USERENV.dll
0x00007ffb83720000 - 0x00007ffb8372c000 	C:\Windows\SYSTEM32\CRYPTBASE.dll
0x00007ffb61b60000 - 0x00007ffb61b69000 	C:\Program Files\Java\jdk-21\bin\extnet.dll
0x00007ffb60f50000 - 0x00007ffb60f60000 	C:\Program Files\Java\jdk-21\bin\verify.dll
0x00007ffb60b30000 - 0x00007ffb60b3e000 	C:\Program Files\Java\jdk-21\bin\sunmscapi.dll
0x00007ffb84230000 - 0x00007ffb8438c000 	C:\Windows\System32\CRYPT32.dll
0x00007ffb838a0000 - 0x00007ffb838c7000 	C:\Windows\SYSTEM32\ncrypt.dll
0x00007ffb83860000 - 0x00007ffb8389b000 	C:\Windows\SYSTEM32\NTASN1.dll
0x00007ffb7c180000 - 0x00007ffb7c187000 	C:\Windows\system32\wshunix.dll

dbghelp: loaded successfully - version: 4.0.5 - missing functions: none
symbol engine: initialized successfully - sym options: 0x614 - pdb path: .;C:\Program Files\Java\jdk-21\bin;C:\Windows\SYSTEM32;C:\Windows\WinSxS\amd64_microsoft.windows.common-controls_6595b64144ccf1df_6.0.19041.4355_none_60b8b9eb71f62e16;C:\Program Files\Java\jdk-21\bin\server

VM Arguments:
jvm_args: -XX:+ShowCodeDetailsInExceptionMessages -agentlib:jdwp=transport=dt_socket,suspend=y,address=localhost:49917 -Dcom.sun.management.jmxremote -Dcom.sun.management.jmxremote.port=49915 -Dcom.sun.management.jmxremote.authenticate=false -Dcom.sun.management.jmxremote.ssl=false -Djava.rmi.server.hostname=localhost -Dspring.jmx.enabled=true -Dmanagement.endpoints.jmx.exposure.include=* -Dspring.application.admin.enabled=true -Dspring.output.ansi.enabled=always -XX:TieredStopAtLevel=1 -Dspring.boot.project.name=pharmacie -javaagent:C:\Users\HP\eclipse\java-2024-092\eclipse\configuration\org.eclipse.osgi\1087\0\.cp\lib\javaagent-shaded.jar -Dfile.encoding=UTF-8 -Dstdout.encoding=UTF-8 -Dstderr.encoding=UTF-8 
java_command: com.pharmacie.pharmacie.PharmacieApplication
java_class_path (initial): C:\Users\HP\pharmacie\target\classes;C:\Users\HP\.m2\repository\org\springframework\boot\spring-boot-starter-data-jpa\3.4.2\spring-boot-starter-data-jpa-3.4.2.jar;C:\Users\HP\.m2\repository\org\springframework\boot\spring-boot-starter\3.4.2\spring-boot-starter-3.4.2.jar;C:\Users\HP\.m2\repository\org\springframework\boot\spring-boot-starter-logging\3.4.2\spring-boot-starter-logging-3.4.2.jar;C:\Users\HP\.m2\repository\ch\qos\logback\logback-classic\1.5.16\logback-classic-1.5.16.jar;C:\Users\HP\.m2\repository\ch\qos\logback\logback-core\1.5.16\logback-core-1.5.16.jar;C:\Users\HP\.m2\repository\org\apache\logging\log4j\log4j-to-slf4j\2.24.3\log4j-to-slf4j-2.24.3.jar;C:\Users\HP\.m2\repository\org\apache\logging\log4j\log4j-api\2.24.3\log4j-api-2.24.3.jar;C:\Users\HP\.m2\repository\org\slf4j\jul-to-slf4j\2.0.16\jul-to-slf4j-2.0.16.jar;C:\Users\HP\.m2\repository\jakarta\annotation\jakarta.annotation-api\2.1.1\jakarta.annotation-api-2.1.1.jar;C:\Users\HP\.m2\repository\org\yaml\snakeyaml\2.3\snakeyaml-2.3.jar;C:\Users\HP\.m2\repository\org\springframework\boot\spring-boot-starter-jdbc\3.4.2\spring-boot-starter-jdbc-3.4.2.jar;C:\Users\HP\.m2\repository\com\zaxxer\HikariCP\5.1.0\HikariCP-5.1.0.jar;C:\Users\HP\.m2\repository\org\springframework\spring-jdbc\6.2.2\spring-jdbc-6.2.2.jar;C:\Users\HP\.m2\repository\org\hibernate\orm\hibernate-core\6.6.5.Final\hibernate-core-6.6.5.Final.jar;C:\Users\HP\.m2\repository\jakarta\persistence\jakarta.persistence-api\3.1.0\jakarta.persistence-api-3.1.0.jar;C:\Users\HP\.m2\repository\jakarta\transaction\jakarta.transaction-api\2.0.1\jakarta.transaction-api-2.0.1.jar;C:\Users\HP\.m2\repository\org\hibernate\common\hibernate-commons-annotations\7.0.3.Final\hibernate-commons-annotations-7.0.3.Final.jar;C:\Users\HP\.m2\repository\io\smallrye\jandex\3.2.0\jandex-3.2.0.jar;C:\Users\HP\.m2\repository\net\bytebuddy\byte-buddy\1.15.11\byte-buddy-1.15.11.jar;C:\Users\HP\.m2\repository\org\glassfish\jaxb\jaxb-runtime\4.0.5\jaxb-runtime-4.0.5.jar;C:\Users\HP\.m2\repository\org\glassfish\jaxb\jaxb-core\4.0.5\jaxb-core-4.0.5.jar;C:\Users\HP\.m2\repository\org\glassfish\jaxb\txw2\4.0.5\txw2-4.0.5.jar;C:\Users\HP\.m2\repository\com\sun\istack\istack-commons-runtime\4.1.2\istack-commons-runtime-4.1.2.jar;C:\Users\HP\.m2\repository\jakarta\inject\jakarta.inject-api\2.0.1\jakarta.inject-api-2.0.1.jar;C:\Users\HP\.m2\repository\org\antlr\antlr4-runtime\4.13.0\antlr4-runtime-4.13.0.jar;C:\Users\HP\.m2\repository\org\springframework\data\spring-data-jpa\3.4.2\spring-data-jpa-3.4.2.jar;C:\Users\HP\.m2\repository\org\springframework\data\spring-data-commons\3.4.2\spring-data-commons-3.4.2.jar;C:\Users\HP\.m2\repository\org\springframework\spring-orm\6.2.2\spring-orm-6.2.2.jar;C:\Users\HP\.m2\repository\org\springframework\spring-context\6.2.2\spring-context-6.2.2.jar;C:\Users\HP\.m2\repository\org\springframework\spring-aop\6.2.2\spring-aop-6.2.2.jar;C:\Users\HP\.m2\repository\org\springframework\spring-tx\6.2.2\spring-tx-6.2.2.jar;C:\Users\HP\.m2\repository\org\slf4j\slf4j-api\2.0.16\slf4j-api-2.0.16.jar;C:\Users\HP\.m2\repository\org\springframework\spring-aspects\6.2.2\spring-aspects-6.2.2.jar;C:\Users\HP\.m2\repository\org\aspectj\aspectjweaver\1.9.22.1\aspectjweaver-1.9.22.1.jar;C:\Users\HP\.m2\repository\org\springframework\boot\spring-boot-starter-web\3.4.2\spring-boot-starter-web-3.4.2.jar;C:\Users\HP\.m2\repository\org\springframework\boot\spring-boot-starter-json\3.4.2\spring-boot-starter-json-3.4.2.jar;C:\Users\HP\.m2\repository\com\fasterxml\jackson\datatype\jackson-datatype-jdk8\2.18.2\jackson-datatype-jdk8-2.18.2.jar;C:\Users\HP\.m2\repository\com\fasterxml\jackson\datatype\jackson-datatype-jsr310\2.18.2\jackson-datatype-jsr310-2.18.2.jar;C:\Users\HP\.m2\repository\com\fasterxml\jackson\module\jackson-module-parameter-names\2.18.2\jackson-module-parameter-names-2.18.2.jar;C:\Users\HP\.m2\repository\org\springframework\boot\spring-boot-starter-tomcat\3.4.2\spring-boot-starter-tomcat-3.4.2.jar;C:\Users\HP\.m2\repository\org\apache\tomcat\embed\tomcat-embed-core\10.1.34\tomcat-embed-core-10.1.34.jar;C:\Users\HP\.m2\repository\org\apache\tomcat\embed\tomcat-embed-el\10.1.34\tomcat-embed-el-10.1.34.jar;C:\Users\HP\.m2\repository\org\apache\tomcat\embed\tomcat-embed-websocket\10.1.34\tomcat-embed-websocket-10.1.34.jar;C:\Users\HP\.m2\repository\org\springframework\spring-web\6.2.2\spring-web-6.2.2.jar;C:\Users\HP\.m2\repository\org\springframework\spring-webmvc\6.2.2\spring-webmvc-6.2.2.jar;C:\Users\HP\.m2\repository\org\springframework\spring-expression\6.2.2\spring-expression-6.2.2.jar;C:\Users\HP\.m2\repository\org\springframework\boot\spring-boot-starter-web-services\3.4.2\spring-boot-starter-web-services-3.4.2.jar;C:\Users\HP\.m2\repository\com\sun\xml\messaging\saaj\saaj-impl\3.0.4\saaj-impl-3.0.4.jar;C:\Users\HP\.m2\repository\jakarta\xml\soap\jakarta.xml.soap-api\3.0.2\jakarta.xml.soap-api-3.0.2.jar;C:\Users\HP\.m2\repository\org\jvnet\staxex\stax-ex\2.1.0\stax-ex-2.1.0.jar;C:\Users\HP\.m2\repository\jakarta\activation\jakarta.activation-api\2.1.3\jakarta.activation-api-2.1.3.jar;C:\Users\HP\.m2\repository\org\eclipse\angus\angus-activation\2.0.2\angus-activation-2.0.2.jar;C:\Users\HP\.m2\repository\jakarta\xml\ws\jakarta.xml.ws-api\4.0.2\jakarta.xml.ws-api-4.0.2.jar;C:\Users\HP\.m2\repository\org\springframework\spring-oxm\6.2.2\spring-oxm-6.2.2.jar;C:\Users\HP\.m2\repository\org\springframework\ws\spring-ws-core\4.0.11\spring-ws-core-4.0.11.jar;C:\Users\HP\.m2\repository\org\springframework\ws\spring-xml\4.0.11\spring-xml-4.0.11.jar;C:\Users\HP\.m2\repository\org\springframework\boot\spring-boot-devtools\3.4.2\spring-boot-devtools-3.4.2.jar;C:\Users\HP\.m2\repository\org\springframework\boot\spring-boot\3.4.2\spring-boot-3.4.2.jar;C:\Users\HP\.m2\repository\org\springframework\boot\spring-boot-autoconfigure\3.4.2\spring-boot-autoconfigure-3.4.2.jar;C:\Users\HP\.m2\repository\com\mysql\mysql-connector-j\9.1.0\mysql-connector-j-9.1.0.jar;C:\Users\HP\.m2\repository\jakarta\xml\bind\jakarta.xml.bind-api\4.0.2\jakarta.xml.bind-api-4.0.2.jar;C:\Users\HP\.m2\repository\org\springframework\spring-core\6.2.2\spring-core-6.2.2.jar;C:\Users\HP\.m2\repository\org\springframework\spring-jcl\6.2.2\spring-jcl-6.2.2.jar;C:\Users\HP\.m2\repository\org\springframework\boot\spring-boot-starter-mail\3.4.2\spring-boot-starter-mail-3.4.2.jar;C:\Users\HP\.m2\repository\org\springframework\spring-context-support\6.2.2\spring-context-support-6.2.2.jar;C:\Users\HP\.m2\repository\org\eclipse\angus\jakarta.mail\2.0.3\jakarta.mail-2.0.3.jar;C:\Users\HP\.m2\repository\org\springframework\security\spring-security-crypto\6.4.2\spring-security-crypto-6.4.2.jar;C:\Users\HP\.m2\repository\com\auth0\java-jwt\3.18.2\java-jwt-3.18.2.jar;C:\Users\HP\.m2\repository\javax\servlet\javax.servlet-api\4.0.1\javax.servlet-api-4.0.1.jar;C:\Users\HP\.m2\repository\jakarta\servlet\jakarta.servlet-api\6.1.0\jakarta.servlet-api-6.1.0.jar;C:\Users\HP\.m2\repository\jakarta\validation\jakarta.validation-api\3.0.2\jakarta.validation-api-3.0.2.jar;C:\Users\HP\.m2\repository\org\springframework\boot\spring-boot-starter-actuator\3.4.2\spring-boot-starter-actuator-3.4.2.jar;C:\Users\HP\.m2\repository\org\springframework\boot\spring-boot-actuator-autoconfigure\3.4.2\spring-boot-actuator-autoconfigure-3.4.2.jar;C:\Users\HP\.m2\repository\org\springframework\boot\spring-boot-actuator\3.4.2\spring-boot-actuator-3.4.2.jar;C:\Users\HP\.m2\repository\io\micrometer\micrometer-observation\1.14.3\micrometer-observation-1.14.3.jar;C:\Users\HP\.m2\repository\io\micrometer\micrometer-commons\1.14.3\micrometer-commons-1.14.3.jar;C:\Users\HP\.m2\repository\io\micrometer\micrometer-jakarta9\1.14.3\micrometer-jakarta9-1.14.3.jar;C:\Users\HP\.m2\repository\io\micrometer\micrometer-core\1.14.3\micrometer-core-1.14.3.jar;C:\Users\HP\.m2\repository\org\hdrhistogram\HdrHistogram\2.2.2\HdrHistogram-2.2.2.jar;C:\Users\HP\.m2\repository\org\latencyutils\LatencyUtils\2.0.3\LatencyUtils-2.0.3.jar;C:\Users\HP\.m2\repository\org\springdoc\springdoc-openapi-starter-webmvc-ui\2.1.0\springdoc-openapi-starter-webmvc-ui-2.1.0.jar;C:\Users\HP\.m2\repository\org\springdoc\springdoc-openapi-starter-webmvc-api\2.1.0\springdoc-openapi-starter-webmvc-api-2.1.0.jar;C:\Users\HP\.m2\repository\org\springdoc\springdoc-openapi-starter-common\2.1.0\springdoc-openapi-starter-common-2.1.0.jar;C:\Users\HP\.m2\repository\io\swagger\core\v3\swagger-core-jakarta\2.2.9\swagger-core-jakarta-2.2.9.jar;C:\Users\HP\.m2\repository\org\apache\commons\commons-lang3\3.17.0\commons-lang3-3.17.0.jar;C:\Users\HP\.m2\repository\io\swagger\core\v3\swagger-annotations-jakarta\2.2.9\swagger-annotations-jakarta-2.2.9.jar;C:\Users\HP\.m2\repository\io\swagger\core\v3\swagger-models-jakarta\2.2.9\swagger-models-jakarta-2.2.9.jar;C:\Users\HP\.m2\repository\com\fasterxml\jackson\dataformat\jackson-dataformat-yaml\2.18.2\jackson-dataformat-yaml-2.18.2.jar;C:\Users\HP\.m2\repository\org\webjars\swagger-ui\4.18.2\swagger-ui-4.18.2.jar;C:\Users\HP\.m2\repository\org\springframework\boot\spring-boot-starter-websocket\3.4.2\spring-boot-starter-websocket-3.4.2.jar;C:\Users\HP\.m2\repository\org\springframework\spring-websocket\6.2.2\spring-websocket-6.2.2.jar;C:\Users\HP\.m2\repository\org\springframework\spring-messaging\6.2.2\spring-messaging-6.2.2.jar;C:\Users\HP\.m2\repository\org\springframework\spring-beans\6.2.2\spring-beans-6.2.2.jar;C:\Users\HP\.m2\repository\org\hibernate\validator\hibernate-validator\8.0.1.Final\hibernate-validator-8.0.1.Final.jar;C:\Users\HP\.m2\repository\org\jboss\logging\jboss-logging\3.6.1.Final\jboss-logging-3.6.1.Final.jar;C:\Users\HP\.m2\repository\com\fasterxml\classmate\1.7.0\classmate-1.7.0.jar;C:\Users\HP\.m2\repository\com\fasterxml\jackson\core\jackson-databind\2.18.2\jackson-databind-2.18.2.jar;C:\Users\HP\.m2\repository\com\fasterxml\jackson\core\jackson-annotations\2.18.2\jackson-annotations-2.18.2.jar;C:\Users\HP\.m2\repository\com\fasterxml\jackson\core\jackson-core\2.18.2\jackson-core-2.18.2.jar;C:\Users\HP\.m2\repository\org\projectlombok\lombok\1.18.30\lombok-1.18.30.jar
Launcher Type: SUN_STANDARD

[Global flags]
     intx CICompilerCount                          = 3                                         {product} {ergonomic}
     uint ConcGCThreads                            = 1                                         {product} {ergonomic}
     uint G1ConcRefinementThreads                  = 4                                         {product} {ergonomic}
   size_t G1HeapRegionSize                         = 2097152                                   {product} {ergonomic}
    uintx GCDrainStackTargetSize                   = 64                                        {product} {ergonomic}
   size_t InitialHeapSize                          = 260046848                                 {product} {ergonomic}
     bool ManagementServer                         = true                                      {product} {command line}
   size_t MarkStackSize                            = 4194304                                   {product} {ergonomic}
   size_t MaxHeapSize                              = 4150263808                                {product} {ergonomic}
   size_t MaxNewSize                               = 2489319424                                {product} {ergonomic}
   size_t MinHeapDeltaBytes                        = 2097152                                   {product} {ergonomic}
   size_t MinHeapSize                              = 8388608                                   {product} {ergonomic}
    uintx NonNMethodCodeHeapSize                   = 4096                                   {pd product} {ergonomic}
    uintx NonProfiledCodeHeapSize                  = 0                                      {pd product} {ergonomic}
     bool ProfileInterpreter                       = false                                  {pd product} {command line}
    uintx ProfiledCodeHeapSize                     = 0                                      {pd product} {ergonomic}
     bool ShowCodeDetailsInExceptionMessages       = true                                   {manageable} {command line}
   size_t SoftMaxHeapSize                          = 4150263808                             {manageable} {ergonomic}
     intx TieredStopAtLevel                        = 1                                         {product} {command line}
     bool UseCompressedOops                        = true                           {product lp64_product} {ergonomic}
     bool UseG1GC                                  = true                                      {product} {ergonomic}
     bool UseLargePagesIndividualAllocation        = false                                  {pd product} {ergonomic}

Logging:
Log output configuration:
 #0: stdout all=warning uptime,level,tags foldmultilines=false
 #1: stderr all=off uptime,level,tags foldmultilines=false

Environment Variables:
JAVA_HOME=C:\Program Files\Java\jdk-21
PATH=C:/Program Files/Eclipse Adoptium/jdk-21.0.6.7-hotspot/bin/server;C:/Program Files/Eclipse Adoptium/jdk-21.0.6.7-hotspot/bin;C:\Program Files\Eclipse Adoptium\jdk-21.0.6.7-hotspot\bin;C:\Program Files\Common Files\Oracle\Java\javapath;C:\Users\HP\AppData\Local\Programs\Python\Python312\Scripts\;C:\Users\HP\AppData\Local\Programs\Python\Python312\;C:\Windows\system32;C:\Windows;C:\Windows\System32\Wbem;C:\Windows\System32\WindowsPowerShell\v1.0\;C:\Windows\System32\OpenSSH\;C:\Program Files\Microsoft SQL Server\150\Tools\Binn\;C:\Program Files\Microsoft SQL Server\Client SDK\ODBC\170\Tools\Binn\;C:\flutter\bin;C:\Program Files\CMake\bin;C:\Program Files\dotnet\;C:\Program Files (x86)\Windows Kits\10\Windows Performance Toolkit\;C:\ProgramData\chocolatey\bin;C:\Users\HP\Downloads\Scripts;C:\Users\HP\Downloads\Redis-x64-3.0.504;C:\Users\HP\AppData\Local\Android\Sdk\platform-tools;C:\Users\HP\Downloads\ngrok-v3-stable-windows-amd64 (1);C:\Program Files\Java\jdk-23\bin;C:\Program Files\nodejs\;C:\Program Files (x86)\Microsoft SQL Server\160\Tools\Binn\;C:\Program Files\Microsoft SQL Server\160\Tools\Binn\;C:\Program Files\Microsoft SQL Server\160\DTS\Binn\;C:\Program Files (x86)\Microsoft SQL Server\160\DTS\Binn\;C:\Users\HP\apache-maven-3.8.8\bin;C:\Users\HP\spring-boot-cli-3.4.0-bin\spring-3.4.0\bin;C:\Program Files\Git\cmd;C:\Program Files (x86)\PostgreSQL\10\bin;C:\Users\HP\AppData\Local\Pub\Cache\bin;C:\Program Files\Java\jdk-21\bin;C:\Android\cmdline-tools\bin;C:\Users\HP\Android\platform-tools;C:\Program Files\PowerShell\7\;C:\Program Files\MySQL\MySQL Server 8.0\bin;C:\Android\cmdline-tools\latest\bin;C:\Program Files\MySQL\MySQL Shell 8.0\bin\;C:\Users\HP\AppData\Local\Programs\Python\Launcher\;C:\Users\HP\AppData\Local\Microsoft\WindowsApps;C:\Users\HP\.dotnet\tools;C:\Program Files\heroku\bin;C:\Users\HP\AppData\Local\Programs\Microsoft VS Code\bin;C:\Users\HP\AppData\Local\GitHubDesktop\bin;C:\Program Files\JetBrains\IntelliJ IDEA 2024.2.4\bin;;C:\Users\HP\AppData\Roaming\npm;C:\tools\dart-sdk\bin;C:\Users\HP\AppData\Local\Pub\Cache\bin;C:\Windows\system32;
USERNAME=HP
OS=Windows_NT
PROCESSOR_IDENTIFIER=AMD64 Family 21 Model 101 Stepping 1, AuthenticAMD
TMP=C:\Users\HP\AppData\Local\Temp
TEMP=C:\Users\HP\AppData\Local\Temp




Periodic native trim disabled

---------------  S Y S T E M  ---------------

OS:
 Windows 10 , 64 bit Build 19041 (10.0.19041.5438)
OS uptime: 0 days 0:49 hours

CPU: total 4 (initial active 4) (4 cores per cpu, 1 threads per core) family 21 model 101 stepping 1 microcode 0x0, cx8, cmov, fxsr, mmx, 3dnowpref, sse, sse2, sse3, ssse3, sse4a, sse4.1, sse4.2, popcnt, lzcnt, tsc, tscinvbit, avx, avx2, aes, clmul, bmi1, bmi2, fma, vzeroupper, clflush, rdtscp, f16c
Processor Information for all 4 processors :
  Max Mhz: 2700, Current Mhz: 2700, Mhz Limit: 2700

Memory: 4k page, system-wide physical 15830M (7761M free)
TotalPageFile size 25046M (AvailPageFile size 14514M)
current process WorkingSet (physical memory assigned to process): 345M, peak: 381M
current process commit charge ("private bytes"): 384M, peak: 425M

vm_info: Java HotSpot(TM) 64-Bit Server VM (21.0.5+9-LTS-239) for windows-amd64 JRE (21.0.5+9-LTS-239), built on 2024-09-30T05:17:38Z by "mach5one" with MS VC++ 17.6 (VS2022)

END.
